Archive member included to satisfy reference by file (symbol)

C:/Users/28584/APP/arm-gnu-toolchain-14.3.rel1-mingw-w64-x86_64-arm-none-eabi/bin/../lib/gcc/arm-none-eabi/14.3.1/../../../../arm-none-eabi/lib/thumb/v7-m/nofp\libc_nano.a(libc_a-exit.o)
                              C:/Users/28584/APP/arm-gnu-toolchain-14.3.rel1-mingw-w64-x86_64-arm-none-eabi/bin/../lib/gcc/arm-none-eabi/14.3.1/../../../../arm-none-eabi/lib/thumb/v7-m/nofp/crt0.o (exit)
C:/Users/28584/APP/arm-gnu-toolchain-14.3.rel1-mingw-w64-x86_64-arm-none-eabi/bin/../lib/gcc/arm-none-eabi/14.3.1/../../../../arm-none-eabi/lib/thumb/v7-m/nofp\libc_nano.a(libc_a-findfp.o)
                              C:/Users/28584/APP/arm-gnu-toolchain-14.3.rel1-mingw-w64-x86_64-arm-none-eabi/bin/../lib/gcc/arm-none-eabi/14.3.1/../../../../arm-none-eabi/lib/thumb/v7-m/nofp\libc_nano.a(libc_a-exit.o) (__stdio_exit_handler)
C:/Users/28584/APP/arm-gnu-toolchain-14.3.rel1-mingw-w64-x86_64-arm-none-eabi/bin/../lib/gcc/arm-none-eabi/14.3.1/../../../../arm-none-eabi/lib/thumb/v7-m/nofp\libc_nano.a(libc_a-fwalk.o)
                              C:/Users/28584/APP/arm-gnu-toolchain-14.3.rel1-mingw-w64-x86_64-arm-none-eabi/bin/../lib/gcc/arm-none-eabi/14.3.1/../../../../arm-none-eabi/lib/thumb/v7-m/nofp\libc_nano.a(libc_a-findfp.o) (_fwalk_sglue)
C:/Users/28584/APP/arm-gnu-toolchain-14.3.rel1-mingw-w64-x86_64-arm-none-eabi/bin/../lib/gcc/arm-none-eabi/14.3.1/../../../../arm-none-eabi/lib/thumb/v7-m/nofp\libc_nano.a(libc_a-printf.o)
                              CMakeFiles/PN532_test.dir/CherryUSB/core/usbd_core.c.obj (printf)
C:/Users/28584/APP/arm-gnu-toolchain-14.3.rel1-mingw-w64-x86_64-arm-none-eabi/bin/../lib/gcc/arm-none-eabi/14.3.1/../../../../arm-none-eabi/lib/thumb/v7-m/nofp\libc_nano.a(libc_a-puts.o)
                              CMakeFiles/PN532_test.dir/CherryUSB/core/usbd_core.c.obj (puts)
C:/Users/28584/APP/arm-gnu-toolchain-14.3.rel1-mingw-w64-x86_64-arm-none-eabi/bin/../lib/gcc/arm-none-eabi/14.3.1/../../../../arm-none-eabi/lib/thumb/v7-m/nofp\libc_nano.a(libc_a-stdio.o)
                              C:/Users/28584/APP/arm-gnu-toolchain-14.3.rel1-mingw-w64-x86_64-arm-none-eabi/bin/../lib/gcc/arm-none-eabi/14.3.1/../../../../arm-none-eabi/lib/thumb/v7-m/nofp\libc_nano.a(libc_a-findfp.o) (__sread)
C:/Users/28584/APP/arm-gnu-toolchain-14.3.rel1-mingw-w64-x86_64-arm-none-eabi/bin/../lib/gcc/arm-none-eabi/14.3.1/../../../../arm-none-eabi/lib/thumb/v7-m/nofp\libc_nano.a(libc_a-vsnprintf.o)
                              CMakeFiles/PN532_test.dir/Core/Src/task.cpp.obj (vsnprintf)
C:/Users/28584/APP/arm-gnu-toolchain-14.3.rel1-mingw-w64-x86_64-arm-none-eabi/bin/../lib/gcc/arm-none-eabi/14.3.1/../../../../arm-none-eabi/lib/thumb/v7-m/nofp\libc_nano.a(libc_a-wbuf.o)
                              C:/Users/28584/APP/arm-gnu-toolchain-14.3.rel1-mingw-w64-x86_64-arm-none-eabi/bin/../lib/gcc/arm-none-eabi/14.3.1/../../../../arm-none-eabi/lib/thumb/v7-m/nofp\libc_nano.a(libc_a-puts.o) (__swbuf_r)
C:/Users/28584/APP/arm-gnu-toolchain-14.3.rel1-mingw-w64-x86_64-arm-none-eabi/bin/../lib/gcc/arm-none-eabi/14.3.1/../../../../arm-none-eabi/lib/thumb/v7-m/nofp\libc_nano.a(libc_a-wsetup.o)
                              C:/Users/28584/APP/arm-gnu-toolchain-14.3.rel1-mingw-w64-x86_64-arm-none-eabi/bin/../lib/gcc/arm-none-eabi/14.3.1/../../../../arm-none-eabi/lib/thumb/v7-m/nofp\libc_nano.a(libc_a-puts.o) (__swsetup_r)
C:/Users/28584/APP/arm-gnu-toolchain-14.3.rel1-mingw-w64-x86_64-arm-none-eabi/bin/../lib/gcc/arm-none-eabi/14.3.1/../../../../arm-none-eabi/lib/thumb/v7-m/nofp\libc_nano.a(libc_a-memcmp.o)
                              CMakeFiles/PN532_test.dir/Core/Src/task.cpp.obj (memcmp)
C:/Users/28584/APP/arm-gnu-toolchain-14.3.rel1-mingw-w64-x86_64-arm-none-eabi/bin/../lib/gcc/arm-none-eabi/14.3.1/../../../../arm-none-eabi/lib/thumb/v7-m/nofp\libc_nano.a(libc_a-memset.o)
                              C:/Users/28584/APP/arm-gnu-toolchain-14.3.rel1-mingw-w64-x86_64-arm-none-eabi/bin/../lib/gcc/arm-none-eabi/14.3.1/../../../../arm-none-eabi/lib/thumb/v7-m/nofp/crt0.o (memset)
C:/Users/28584/APP/arm-gnu-toolchain-14.3.rel1-mingw-w64-x86_64-arm-none-eabi/bin/../lib/gcc/arm-none-eabi/14.3.1/../../../../arm-none-eabi/lib/thumb/v7-m/nofp\libc_nano.a(libc_a-closer.o)
                              C:/Users/28584/APP/arm-gnu-toolchain-14.3.rel1-mingw-w64-x86_64-arm-none-eabi/bin/../lib/gcc/arm-none-eabi/14.3.1/../../../../arm-none-eabi/lib/thumb/v7-m/nofp\libc_nano.a(libc_a-stdio.o) (_close_r)
C:/Users/28584/APP/arm-gnu-toolchain-14.3.rel1-mingw-w64-x86_64-arm-none-eabi/bin/../lib/gcc/arm-none-eabi/14.3.1/../../../../arm-none-eabi/lib/thumb/v7-m/nofp\libc_nano.a(libc_a-reent.o)
                              C:/Users/28584/APP/arm-gnu-toolchain-14.3.rel1-mingw-w64-x86_64-arm-none-eabi/bin/../lib/gcc/arm-none-eabi/14.3.1/../../../../arm-none-eabi/lib/thumb/v7-m/nofp\libc_nano.a(libc_a-closer.o) (errno)
[...]
Memory Configuration

Name             Origin             Length             Attributes
RAM              0x20000000         0x00005000         xrw
FLASH            0x08000000         0x00010000         xr
*default*        0x00000000         0xffffffff

Linker script and memory map

LOAD C:/Users/28584/APP/arm-gnu-toolchain-14.3.rel1-mingw-w64-x86_64-arm-none-eabi/bin/../lib/gcc/arm-none-eabi/14.3.1/thumb/v7-m/nofp/crti.o
LOAD C:/Users/28584/APP/arm-gnu-toolchain-14.3.rel1-mingw-w64-x86_64-arm-none-eabi/bin/../lib/gcc/arm-none-eabi/14.3.1/thumb/v7-m/nofp/crtbegin.o
LOAD C:/Users/28584/APP/arm-gnu-toolchain-14.3.rel1-mingw-w64-x86_64-arm-none-eabi/bin/../lib/gcc/arm-none-eabi/14.3.1/../../../../arm-none-eabi/lib/thumb/v7-m/nofp/crt0.o
START GROUP
END GROUP
START GROUP
LOAD C:/Users/28584/APP/arm-gnu-toolchain-14.3.rel1-mingw-w64-x86_64-arm-none-eabi/bin/../lib/gcc/arm-none-eabi/14.3.1/../../../../arm-none-eabi/lib/thumb/v7-m/nofp\libstdc++_nano.a
LOAD C:/Users/28584/APP/arm-gnu-toolchain-14.3.rel1-mingw-w64-x86_64-arm-none-eabi/bin/../lib/gcc/arm-none-eabi/14.3.1/../../../../arm-none-eabi/lib/thumb/v7-m/nofp\libsupc++_nano.a
END GROUP
LOAD cmake/stm32cubemx/CMakeFiles/STM32_Drivers.dir/__/__/Core/Src/system_stm32f1xx.c.obj
LOAD cmake/stm32cubemx/CMakeFiles/STM32_Drivers.dir/__/__/Drivers/STM32F1xx_HAL_Driver/Src/stm32f1xx_hal_gpio_ex.c.obj
LOAD cmake/stm32cubemx/CMakeFiles/STM32_Drivers.dir/__/__/Drivers/STM32F1xx_HAL_Driver/Src/stm32f1xx_hal.c.obj
LOAD cmake/stm32cubemx/CMakeFiles/STM32_Drivers.dir/__/__/Drivers/STM32F1xx_HAL_Driver/Src/stm32f1xx_hal_rcc.c.obj
LOAD cmake/stm32cubemx/CMakeFiles/STM32_Drivers.dir/__/__/Drivers/STM32F1xx_HAL_Driver/Src/stm32f1xx_hal_rcc_ex.c.obj
LOAD cmake/stm32cubemx/CMakeFiles/STM32_Drivers.dir/__/__/Drivers/STM32F1xx_HAL_Driver/Src/stm32f1xx_hal_gpio.c.obj
LOAD cmake/stm32cubemx/CMakeFiles/STM32_Drivers.dir/__/__/Drivers/STM32F1xx_HAL_Driver/Src/stm32f1xx_hal_dma.c.obj
LOAD cmake/stm32cubemx/CMakeFiles/STM32_Drivers.dir/__/__/Drivers/STM32F1xx_HAL_Driver/Src/stm32f1xx_hal_cortex.c.obj
LOAD cmake/stm32cubemx/CMakeFiles/STM32_Drivers.dir/__/__/Drivers/STM32F1xx_HAL_Driver/Src/stm32f1xx_hal_pwr.c.obj
LOAD cmake/stm32cubemx/CMakeFiles/STM32_Drivers.dir/__/__/Drivers/STM32F1xx_HAL_Driver/Src/stm32f1xx_hal_flash.c.obj
LOAD cmake/stm32cubemx/CMakeFiles/STM32_Drivers.dir/__/__/Drivers/STM32F1xx_HAL_Driver/Src/stm32f1xx_hal_flash_ex.c.obj
LOAD cmake/stm32cubemx/CMakeFiles/STM32_Drivers.dir/__/__/Drivers/STM32F1xx_HAL_Driver/Src/stm32f1xx_hal_exti.c.obj
LOAD cmake/stm32cubemx/CMakeFiles/STM32_Drivers.dir/__/__/Drivers/STM32F1xx_HAL_Driver/Src/stm32f1xx_ll_rcc.c.obj
LOAD cmake/stm32cubemx/CMakeFiles/STM32_Drivers.dir/__/__/Drivers/STM32F1xx_HAL_Driver/Src/stm32f1xx_ll_utils.c.obj
LOAD cmake/stm32cubemx/CMakeFiles/STM32_Drivers.dir/__/__/Drivers/STM32F1xx_HAL_Driver/Src/stm32f1xx_ll_exti.c.obj
LOAD cmake/stm32cubemx/CMakeFiles/STM32_Drivers.dir/__/__/Drivers/STM32F1xx_HAL_Driver/Src/stm32f1xx_ll_usart.c.obj
LOAD cmake/stm32cubemx/CMakeFiles/STM32_Drivers.dir/__/__/Drivers/STM32F1xx_HAL_Driver/Src/stm32f1xx_ll_gpio.c.obj
LOAD cmake/stm32cubemx/CMakeFiles/STM32_Drivers.dir/__/__/Drivers/STM32F1xx_HAL_Driver/Src/stm32f1xx_ll_dma.c.obj
LOAD cmake/stm32cubemx/CMakeFiles/STM32_Drivers.dir/__/__/Drivers/STM32F1xx_HAL_Driver/Src/stm32f1xx_hal_pcd.c.obj
LOAD cmake/stm32cubemx/CMakeFiles/STM32_Drivers.dir/__/__/Drivers/STM32F1xx_HAL_Driver/Src/stm32f1xx_hal_pcd_ex.c.obj
LOAD cmake/stm32cubemx/CMakeFiles/STM32_Drivers.dir/__/__/Drivers/STM32F1xx_HAL_Driver/Src/stm32f1xx_ll_usb.c.obj
LOAD cmake/stm32cubemx/CMakeFiles/FreeRTOS.dir/__/__/Middlewares/Third_Party/FreeRTOS/Source/croutine.c.obj
LOAD cmake/stm32cubemx/CMakeFiles/FreeRTOS.dir/__/__/Middlewares/Third_Party/FreeRTOS/Source/event_groups.c.obj
LOAD cmake/stm32cubemx/CMakeFiles/FreeRTOS.dir/__/__/Middlewares/Third_Party/FreeRTOS/Source/list.c.obj
LOAD cmake/stm32cubemx/CMakeFiles/FreeRTOS.dir/__/__/Middlewares/Third_Party/FreeRTOS/Source/queue.c.obj
LOAD cmake/stm32cubemx/CMakeFiles/FreeRTOS.dir/__/__/Middlewares/Third_Party/FreeRTOS/Source/stream_buffer.c.obj
LOAD cmake/stm32cubemx/CMakeFiles/FreeRTOS.dir/__/__/Middlewares/Third_Party/FreeRTOS/Source/tasks.c.obj
LOAD cmake/stm32cubemx/CMakeFiles/FreeRTOS.dir/__/__/Middlewares/Third_Party/FreeRTOS/Source/timers.c.obj
LOAD cmake/stm32cubemx/CMakeFiles/FreeRTOS.dir/__/__/Middlewares/Third_Party/FreeRTOS/Source/CMSIS_RTOS_V2/cmsis_os2.c.obj
LOAD cmake/stm32cubemx/CMakeFiles/FreeRTOS.dir/__/__/Middlewares/Third_Party/FreeRTOS/Source/portable/MemMang/heap_4.c.obj
LOAD cmake/stm32cubemx/CMakeFiles/FreeRTOS.dir/__/__/Middlewares/Third_Party/FreeRTOS/Source/portable/GCC/ARM_CM3/port.c.obj
LOAD EmLib/CherryRB/CMakeFiles/CherryRB.dir/chry_ringbuffer.c.obj
LOAD EmLib/SEGGER_RTT/CMakeFiles/SEGGER_RTT.dir/SEGGER_RTT.c.obj
LOAD EmLib/SEGGER_RTT/CMakeFiles/SEGGER_RTT.dir/SEGGER_RTT_printf.c.obj
LOAD EmLib/SEGGER_RTT/CMakeFiles/SEGGER_RTT.dir/SEGGER_RTT_ASM_ARMv7M.S.obj
LOAD EmLib/eLOG/CMakeFiles/eLOG.dir/elog.cpp.obj
LOAD CMakeFiles/PN532_test.dir/Core/Src/main.c.obj
LOAD CMakeFiles/PN532_test.dir/Core/Src/freertos.c.obj
LOAD CMakeFiles/PN532_test.dir/Core/Src/stm32f1xx_it.c.obj
LOAD CMakeFiles/PN532_test.dir/Core/Src/stm32f1xx_hal_msp.c.obj
LOAD CMakeFiles/PN532_test.dir/Core/Src/sysmem.c.obj
LOAD CMakeFiles/PN532_test.dir/Core/Src/syscalls.c.obj
LOAD CMakeFiles/PN532_test.dir/startup_stm32f103xb.s.obj
LOAD CMakeFiles/PN532_test.dir/EmLib/Hardware/OLED/font.cpp.obj
LOAD CMakeFiles/PN532_test.dir/Core/Src/task.cpp.obj
LOAD CMakeFiles/PN532_test.dir/Core/Src/hid_keyboard_template.c.obj
LOAD CMakeFiles/PN532_test.dir/CherryUSB/core/usbd_core.c.obj
LOAD CMakeFiles/PN532_test.dir/CherryUSB/class/cdc/usbd_cdc_acm.c.obj
LOAD CMakeFiles/PN532_test.dir/CherryUSB/class/hid/usbd_hid.c.obj
LOAD CMakeFiles/PN532_test.dir/CherryUSB/class/msc/usbd_msc.c.obj
LOAD CMakeFiles/PN532_test.dir/CherryUSB/port/fsdev/usb_dc_fsdev.c.obj
LOAD CMakeFiles/PN532_test.dir/CherryUSB/port/fsdev/usb_glue_st.c.obj
LOAD C:/Users/28584/APP/arm-gnu-toolchain-14.3.rel1-mingw-w64-x86_64-arm-none-eabi/bin/../lib/gcc/arm-none-eabi/14.3.1/../../../../arm-none-eabi/lib/thumb/v7-m/nofp\libstdc++_nano.a
LOAD C:/Users/28584/APP/arm-gnu-toolchain-14.3.rel1-mingw-w64-x86_64-arm-none-eabi/bin/../lib/gcc/arm-none-eabi/14.3.1/../../../../arm-none-eabi/lib/thumb/v7-m/nofp\libm.a
LOAD C:/Users/28584/APP/arm-gnu-toolchain-14.3.rel1-mingw-w64-x86_64-arm-none-eabi/bin/../lib/gcc/arm-none-eabi/14.3.1/../../../../arm-none-eabi/lib/thumb/v7-m/nofp\libc_nano.a
START GROUP
LOAD C:/Users/28584/APP/arm-gnu-toolchain-14.3.rel1-mingw-w64-x86_64-arm-none-eabi/bin/../lib/gcc/arm-none-eabi/14.3.1/thumb/v7-m/nofp\libgcc.a
LOAD C:/Users/28584/APP/arm-gnu-toolchain-14.3.rel1-mingw-w64-x86_64-arm-none-eabi/bin/../lib/gcc/arm-none-eabi/14.3.1/../../../../arm-none-eabi/lib/thumb/v7-m/nofp\libg_nano.a
LOAD C:/Users/28584/APP/arm-gnu-toolchain-14.3.rel1-mingw-w64-x86_64-arm-none-eabi/bin/../lib/gcc/arm-none-eabi/14.3.1/../../../../arm-none-eabi/lib/thumb/v7-m/nofp\libc_nano.a
END GROUP
START GROUP
LOAD C:/Users/28584/APP/arm-gnu-toolchain-14.3.rel1-mingw-w64-x86_64-arm-none-eabi/bin/../lib/gcc/arm-none-eabi/14.3.1/thumb/v7-m/nofp\libgcc.a
LOAD C:/Users/28584/APP/arm-gnu-toolchain-14.3.rel1-mingw-w64-x86_64-arm-none-eabi/bin/../lib/gcc/arm-none-eabi/14.3.1/../../../../arm-none-eabi/lib/thumb/v7-m/nofp\libc_nano.a
END GROUP
LOAD C:/Users/28584/APP/arm-gnu-toolchain-14.3.rel1-mingw-w64-x86_64-arm-none-eabi/bin/../lib/gcc/arm-none-eabi/14.3.1/thumb/v7-m/nofp/crtend.o
LOAD C:/Users/28584/APP/arm-gnu-toolchain-14.3.rel1-mingw-w64-x86_64-arm-none-eabi/bin/../lib/gcc/arm-none-eabi/14.3.1/thumb/v7-m/nofp/crtn.o
                0x20005000                        _estack = (ORIGIN (RAM) + LENGTH (RAM))
                0x00000200                        _Min_Heap_Size = 0x200
                0x00000400                        _Min_Stack_Size = 0x400

.isr_vector     0x08000000      0x10c
                0x08000000                        . = ALIGN (0x4)
 *(.isr_vector)
 .isr_vector    0x08000000      0x10c CMakeFiles/PN532_test.dir/startup_stm32f103xb.s.obj
                0x08000000                g_pfnVectors
                0x0800010c                        . = ALIGN (0x4)

.text           0x08000110     0xab8c
                0x08000110                        . = ALIGN (0x4)
 *(.text)
 .text          0x08000110       0x10 C:/Users/28584/APP/arm-gnu-toolchain-14.3.rel1-mingw-w64-x86_64-arm-none-eabi/bin/../lib/gcc/arm-none-eabi/14.3.1/../../../../arm-none-eabi/lib/thumb/v7-m/nofp\libc_nano.a(libc_a-strlen.o)
                0x08000110                strlen
 *(.text*)
 .text.deregister_tm_clones
                0x08000120       0x1c C:/Users/28584/APP/arm-gnu-toolchain-14.3.rel1-mingw-w64-x86_64-arm-none-eabi/bin/../lib/gcc/arm-none-eabi/14.3.1/thumb/v7-m/nofp/crtbegin.o
 .text.register_tm_clones
                0x0800013c       0x24 C:/Users/28584/APP/arm-gnu-toolchain-14.3.rel1-mingw-w64-x86_64-arm-none-eabi/bin/../lib/gcc/arm-none-eabi/14.3.1/thumb/v7-m/nofp/crtbegin.o
 .text.__do_global_dtors_aux
                0x08000160       0x28 C:/Users/28584/APP/arm-gnu-toolchain-14.3.rel1-mingw-w64-x86_64-arm-none-eabi/bin/../lib/gcc/arm-none-eabi/14.3.1/thumb/v7-m/nofp/crtbegin.o
 .text.frame_dummy
                0x08000188       0x24 C:/Users/28584/APP/arm-gnu-toolchain-14.3.rel1-mingw-w64-x86_64-arm-none-eabi/bin/../lib/gcc/arm-none-eabi/14.3.1/thumb/v7-m/nofp/crtbegin.o
 .text.SystemInit
                0x080001ac        0xc cmake/stm32cubemx/CMakeFiles/STM32_Drivers.dir/__/__/Core/Src/system_stm32f1xx.c.obj
                0x080001ac                SystemInit
 .text.HAL_Init
                0x080001b8       0x2c cmake/stm32cubemx/CMakeFiles/STM32_Drivers.dir/__/__/Drivers/STM32F1xx_HAL_Driver/Src/stm32f1xx_hal.c.obj
                0x080001b8                HAL_Init
 .text.HAL_InitTick
                0x080001e4       0x60 cmake/stm32cubemx/CMakeFiles/STM32_Drivers.dir/__/__/Drivers/STM32F1xx_HAL_Driver/Src/stm32f1xx_hal.c.obj
                0x080001e4                HAL_InitTick
 .text.HAL_IncTick
                0x08000244       0x24 cmake/stm32cubemx/CMakeFiles/STM32_Drivers.dir/__/__/Drivers/STM32F1xx_HAL_Driver/Src/stm32f1xx_hal.c.obj
                0x08000244                HAL_IncTick
 .text.HAL_GetTick
                0x08000268       0x14 cmake/stm32cubemx/CMakeFiles/STM32_Drivers.dir/__/__/Drivers/STM32F1xx_HAL_Driver/Src/stm32f1xx_hal.c.obj
                0x08000268                HAL_GetTick
 .text.HAL_RCC_OscConfig
                0x0800027c      0x504 cmake/stm32cubemx/CMakeFiles/STM32_Drivers.dir/__/__/Drivers/STM32F1xx_HAL_Driver/Src/stm32f1xx_hal_rcc.c.obj
                0x0800027c                HAL_RCC_OscConfig
 .text.HAL_RCC_ClockConfig
                0x08000780      0x1d4 cmake/stm32cubemx/CMakeFiles/STM32_Drivers.dir/__/__/Drivers/STM32F1xx_HAL_Driver/Src/stm32f1xx_hal_rcc.c.obj
                0x08000780                HAL_RCC_ClockConfig
 .text.HAL_RCC_GetSysClockFreq
                0x08000954       0xa8 cmake/stm32cubemx/CMakeFiles/STM32_Drivers.dir/__/__/Drivers/STM32F1xx_HAL_Driver/Src/stm32f1xx_hal_rcc.c.obj
                0x08000954                HAL_RCC_GetSysClockFreq
 .text.RCC_Delay
                0x080009fc       0x3c cmake/stm32cubemx/CMakeFiles/STM32_Drivers.dir/__/__/Drivers/STM32F1xx_HAL_Driver/Src/stm32f1xx_hal_rcc.c.obj
 .text.HAL_RCCEx_PeriphCLKConfig
                0x08000a38      0x16c cmake/stm32cubemx/CMakeFiles/STM32_Drivers.dir/__/__/Drivers/STM32F1xx_HAL_Driver/Src/stm32f1xx_hal_rcc_ex.c.obj
                0x08000a38                HAL_RCCEx_PeriphCLKConfig
 .text.__NVIC_SetPriorityGrouping
                0x08000ba4       0x48 cmake/stm32cubemx/CMakeFiles/STM32_Drivers.dir/__/__/Drivers/STM32F1xx_HAL_Driver/Src/stm32f1xx_hal_cortex.c.obj
 .text.__NVIC_GetPriorityGrouping
                0x08000bec       0x1c cmake/stm32cubemx/CMakeFiles/STM32_Drivers.dir/__/__/Drivers/STM32F1xx_HAL_Driver/Src/stm32f1xx_hal_cortex.c.obj
 .text.__NVIC_EnableIRQ
                0x08000c08       0x38 cmake/stm32cubemx/CMakeFiles/STM32_Drivers.dir/__/__/Drivers/STM32F1xx_HAL_Driver/Src/stm32f1xx_hal_cortex.c.obj
 .text.__NVIC_SetPriority
                0x08000c40       0x54 cmake/stm32cubemx/CMakeFiles/STM32_Drivers.dir/__/__/Drivers/STM32F1xx_HAL_Driver/Src/stm32f1xx_hal_cortex.c.obj
 .text.NVIC_EncodePriority
                0x08000c94       0x64 cmake/stm32cubemx/CMakeFiles/STM32_Drivers.dir/__/__/Drivers/STM32F1xx_HAL_Driver/Src/stm32f1xx_hal_cortex.c.obj
 .text.SysTick_Config
                0x08000cf8       0x44 cmake/stm32cubemx/CMakeFiles/STM32_Drivers.dir/__/__/Drivers/STM32F1xx_HAL_Driver/Src/stm32f1xx_hal_cortex.c.obj
 .text.HAL_NVIC_SetPriorityGrouping
                0x08000d3c       0x16 cmake/stm32cubemx/CMakeFiles/STM32_Drivers.dir/__/__/Drivers/STM32F1xx_HAL_Driver/Src/stm32f1xx_hal_cortex.c.obj
                0x08000d3c                HAL_NVIC_SetPriorityGrouping
 .text.HAL_NVIC_SetPriority
                0x08000d52       0x38 cmake/stm32cubemx/CMakeFiles/STM32_Drivers.dir/__/__/Drivers/STM32F1xx_HAL_Driver/Src/stm32f1xx_hal_cortex.c.obj
                0x08000d52                HAL_NVIC_SetPriority
 .text.HAL_NVIC_EnableIRQ
                0x08000d8a       0x1c cmake/stm32cubemx/CMakeFiles/STM32_Drivers.dir/__/__/Drivers/STM32F1xx_HAL_Driver/Src/stm32f1xx_hal_cortex.c.obj
                0x08000d8a                HAL_NVIC_EnableIRQ
 .text.HAL_SYSTICK_Config
                0x08000da6       0x18 cmake/stm32cubemx/CMakeFiles/STM32_Drivers.dir/__/__/Drivers/STM32F1xx_HAL_Driver/Src/stm32f1xx_hal_cortex.c.obj
                0x08000da6                HAL_SYSTICK_Config
 *fill*         0x08000dbe        0x2 
 .text.LL_RCC_GetSysClkSource
                0x08000dc0       0x18 cmake/stm32cubemx/CMakeFiles/STM32_Drivers.dir/__/__/Drivers/STM32F1xx_HAL_Driver/Src/stm32f1xx_ll_rcc.c.obj
 .text.LL_RCC_GetAHBPrescaler
                0x08000dd8       0x18 cmake/stm32cubemx/CMakeFiles/STM32_Drivers.dir/__/__/Drivers/STM32F1xx_HAL_Driver/Src/stm32f1xx_ll_rcc.c.obj
 .text.LL_RCC_GetAPB1Prescaler
                0x08000df0       0x18 cmake/stm32cubemx/CMakeFiles/STM32_Drivers.dir/__/__/Drivers/STM32F1xx_HAL_Driver/Src/stm32f1xx_ll_rcc.c.obj
 .text.LL_RCC_GetAPB2Prescaler
                0x08000e08       0x18 cmake/stm32cubemx/CMakeFiles/STM32_Drivers.dir/__/__/Drivers/STM32F1xx_HAL_Driver/Src/stm32f1xx_ll_rcc.c.obj
 .text.LL_RCC_PLL_GetMainSource
                0x08000e20       0x18 cmake/stm32cubemx/CMakeFiles/STM32_Drivers.dir/__/__/Drivers/STM32F1xx_HAL_Driver/Src/stm32f1xx_ll_rcc.c.obj
 .text.LL_RCC_PLL_GetMultiplicator
                0x08000e38       0x18 cmake/stm32cubemx/CMakeFiles/STM32_Drivers.dir/__/__/Drivers/STM32F1xx_HAL_Driver/Src/stm32f1xx_ll_rcc.c.obj
 .text.LL_RCC_PLL_GetPrediv
                0x08000e50       0x1c cmake/stm32cubemx/CMakeFiles/STM32_Drivers.dir/__/__/Drivers/STM32F1xx_HAL_Driver/Src/stm32f1xx_ll_rcc.c.obj
 .text.LL_RCC_GetSystemClocksFreq
                0x08000e6c       0x4a cmake/stm32cubemx/CMakeFiles/STM32_Drivers.dir/__/__/Drivers/STM32F1xx_HAL_Driver/Src/stm32f1xx_ll_rcc.c.obj
                0x08000e6c                LL_RCC_GetSystemClocksFreq
 *fill*         0x08000eb6        0x2 
 .text.RCC_GetSystemClockFreq
                0x08000eb8       0x4c cmake/stm32cubemx/CMakeFiles/STM32_Drivers.dir/__/__/Drivers/STM32F1xx_HAL_Driver/Src/stm32f1xx_ll_rcc.c.obj
                0x08000eb8                RCC_GetSystemClockFreq
 .text.RCC_GetHCLKClockFreq
                0x08000f04       0x2c cmake/stm32cubemx/CMakeFiles/STM32_Drivers.dir/__/__/Drivers/STM32F1xx_HAL_Driver/Src/stm32f1xx_ll_rcc.c.obj
                0x08000f04                RCC_GetHCLKClockFreq
 .text.RCC_GetPCLK1ClockFreq
                0x08000f30       0x28 cmake/stm32cubemx/CMakeFiles/STM32_Drivers.dir/__/__/Drivers/STM32F1xx_HAL_Driver/Src/stm32f1xx_ll_rcc.c.obj
                0x08000f30                RCC_GetPCLK1ClockFreq
 .text.RCC_GetPCLK2ClockFreq
                0x08000f58       0x28 cmake/stm32cubemx/CMakeFiles/STM32_Drivers.dir/__/__/Drivers/STM32F1xx_HAL_Driver/Src/stm32f1xx_ll_rcc.c.obj
                0x08000f58                RCC_GetPCLK2ClockFreq
 .text.RCC_PLL_GetFreqDomain_SYS
                0x08000f80       0x64 cmake/stm32cubemx/CMakeFiles/STM32_Drivers.dir/__/__/Drivers/STM32F1xx_HAL_Driver/Src/stm32f1xx_ll_rcc.c.obj
                0x08000f80                RCC_PLL_GetFreqDomain_SYS
 .text.LL_USART_IsEnabled
                0x08000fe4       0x26 cmake/stm32cubemx/CMakeFiles/STM32_Drivers.dir/__/__/Drivers/STM32F1xx_HAL_Driver/Src/stm32f1xx_ll_usart.c.obj
 .text.LL_USART_SetStopBitsLength
                0x0800100a       0x24 cmake/stm32cubemx/CMakeFiles/STM32_Drivers.dir/__/__/Drivers/STM32F1xx_HAL_Driver/Src/stm32f1xx_ll_usart.c.obj
 .text.LL_USART_SetHWFlowCtrl
                0x0800102e       0x24 cmake/stm32cubemx/CMakeFiles/STM32_Drivers.dir/__/__/Drivers/STM32F1xx_HAL_Driver/Src/stm32f1xx_ll_usart.c.obj
 *fill*         0x08001052        0x2 
 .text.LL_USART_SetBaudRate
                0x08001054       0xbc cmake/stm32cubemx/CMakeFiles/STM32_Drivers.dir/__/__/Drivers/STM32F1xx_HAL_Driver/Src/stm32f1xx_ll_usart.c.obj
 .text.LL_USART_Init
                0x08001110       0xc0 cmake/stm32cubemx/CMakeFiles/STM32_Drivers.dir/__/__/Drivers/STM32F1xx_HAL_Driver/Src/stm32f1xx_ll_usart.c.obj
                0x08001110                LL_USART_Init
 .text.LL_GPIO_SetPinMode
                0x080011d0       0x64 cmake/stm32cubemx/CMakeFiles/STM32_Drivers.dir/__/__/Drivers/STM32F1xx_HAL_Driver/Src/stm32f1xx_ll_gpio.c.obj
 .text.LL_GPIO_SetPinSpeed
                0x08001234       0x64 cmake/stm32cubemx/CMakeFiles/STM32_Drivers.dir/__/__/Drivers/STM32F1xx_HAL_Driver/Src/stm32f1xx_ll_gpio.c.obj
 .text.LL_GPIO_SetPinOutputType
                0x08001298       0x64 cmake/stm32cubemx/CMakeFiles/STM32_Drivers.dir/__/__/Drivers/STM32F1xx_HAL_Driver/Src/stm32f1xx_ll_gpio.c.obj
 .text.LL_GPIO_SetPinPull
                0x080012fc       0x44 cmake/stm32cubemx/CMakeFiles/STM32_Drivers.dir/__/__/Drivers/STM32F1xx_HAL_Driver/Src/stm32f1xx_ll_gpio.c.obj
 .text.LL_GPIO_Init
                0x08001340       0xcc cmake/stm32cubemx/CMakeFiles/STM32_Drivers.dir/__/__/Drivers/STM32F1xx_HAL_Driver/Src/stm32f1xx_ll_gpio.c.obj
                0x08001340                LL_GPIO_Init
 .text.vListInitialise
                0x0800140c       0x3e cmake/stm32cubemx/CMakeFiles/FreeRTOS.dir/__/__/Middlewares/Third_Party/FreeRTOS/Source/list.c.obj
                0x0800140c                vListInitialise
 .text.vListInitialiseItem
                0x0800144a       0x18 cmake/stm32cubemx/CMakeFiles/FreeRTOS.dir/__/__/Middlewares/Third_Party/FreeRTOS/Source/list.c.obj
                0x0800144a                vListInitialiseItem
 .text.vListInsertEnd
                0x08001462       0x46 cmake/stm32cubemx/CMakeFiles/FreeRTOS.dir/__/__/Middlewares/Third_Party/FreeRTOS/Source/list.c.obj
                0x08001462                vListInsertEnd
 .text.vListInsert
                0x080014a8       0x70 cmake/stm32cubemx/CMakeFiles/FreeRTOS.dir/__/__/Middlewares/Third_Party/FreeRTOS/Source/list.c.obj
                0x080014a8                vListInsert
 .text.uxListRemove
                0x08001518       0x52 cmake/stm32cubemx/CMakeFiles/FreeRTOS.dir/__/__/Middlewares/Third_Party/FreeRTOS/Source/list.c.obj
                0x08001518                uxListRemove
 *fill*         0x0800156a        0x2 
 .text.xQueueGenericReset
                0x0800156c       0xd4 cmake/stm32cubemx/CMakeFiles/FreeRTOS.dir/__/__/Middlewares/Third_Party/FreeRTOS/Source/queue.c.obj
                0x0800156c                xQueueGenericReset
 .text.xQueueGenericCreateStatic
                0x08001640       0xfa cmake/stm32cubemx/CMakeFiles/FreeRTOS.dir/__/__/Middlewares/Third_Party/FreeRTOS/Source/queue.c.obj
                0x08001640                xQueueGenericCreateStatic
 .text.prvInitialiseNewQueue
                0x0800173a       0x46 cmake/stm32cubemx/CMakeFiles/FreeRTOS.dir/__/__/Middlewares/Third_Party/FreeRTOS/Source/queue.c.obj
 .text.xQueueGenericSend
                0x08001780      0x204 cmake/stm32cubemx/CMakeFiles/FreeRTOS.dir/__/__/Middlewares/Third_Party/FreeRTOS/Source/queue.c.obj
                0x08001780                xQueueGenericSend
 .text.xQueueGenericSendFromISR
                0x08001984      0x13c cmake/stm32cubemx/CMakeFiles/FreeRTOS.dir/__/__/Middlewares/Third_Party/FreeRTOS/Source/queue.c.obj
                0x08001984                xQueueGenericSendFromISR
 .text.xQueueReceive
                0x08001ac0      0x1c4 cmake/stm32cubemx/CMakeFiles/FreeRTOS.dir/__/__/Middlewares/Third_Party/FreeRTOS/Source/queue.c.obj
                0x08001ac0                xQueueReceive
 .text.prvCopyDataToQueue
                0x08001c84       0xd4 cmake/stm32cubemx/CMakeFiles/FreeRTOS.dir/__/__/Middlewares/Third_Party/FreeRTOS/Source/queue.c.obj
 .text.prvCopyDataFromQueue
                0x08001d58       0x4c cmake/stm32cubemx/CMakeFiles/FreeRTOS.dir/__/__/Middlewares/Third_Party/FreeRTOS/Source/queue.c.obj
 .text.prvUnlockQueue
                0x08001da4       0xa4 cmake/stm32cubemx/CMakeFiles/FreeRTOS.dir/__/__/Middlewares/Third_Party/FreeRTOS/Source/queue.c.obj
 .text.prvIsQueueEmpty
                0x08001e48       0x2c cmake/stm32cubemx/CMakeFiles/FreeRTOS.dir/__/__/Middlewares/Third_Party/FreeRTOS/Source/queue.c.obj
 .text.prvIsQueueFull
                0x08001e74       0x30 cmake/stm32cubemx/CMakeFiles/FreeRTOS.dir/__/__/Middlewares/Third_Party/FreeRTOS/Source/queue.c.obj
 .text.vQueueAddToRegistry
                0x08001ea4       0x50 cmake/stm32cubemx/CMakeFiles/FreeRTOS.dir/__/__/Middlewares/Third_Party/FreeRTOS/Source/queue.c.obj
                0x08001ea4                vQueueAddToRegistry
 .text.vQueueWaitForMessageRestricted
                0x08001ef4       0x68 cmake/stm32cubemx/CMakeFiles/FreeRTOS.dir/__/__/Middlewares/Third_Party/FreeRTOS/Source/queue.c.obj
                0x08001ef4                vQueueWaitForMessageRestricted
 .text.xTaskCreateStatic
                0x08001f5c       0xc0 cmake/stm32cubemx/CMakeFiles/FreeRTOS.dir/__/__/Middlewares/Third_Party/FreeRTOS/Source/tasks.c.obj
                0x08001f5c                xTaskCreateStatic
 .text.xTaskCreate
                0x0800201c       0x8a cmake/stm32cubemx/CMakeFiles/FreeRTOS.dir/__/__/Middlewares/Third_Party/FreeRTOS/Source/tasks.c.obj
                0x0800201c                xTaskCreate
 .text.prvInitialiseNewTask
                0x080020a6      0x12c cmake/stm32cubemx/CMakeFiles/FreeRTOS.dir/__/__/Middlewares/Third_Party/FreeRTOS/Source/tasks.c.obj
 *fill*         0x080021d2        0x2 
 .text.prvAddNewTaskToReadyList
                0x080021d4       0xe0 cmake/stm32cubemx/CMakeFiles/FreeRTOS.dir/__/__/Middlewares/Third_Party/FreeRTOS/Source/tasks.c.obj
 .text.vTaskDelay
                0x080022b4       0x6c cmake/stm32cubemx/CMakeFiles/FreeRTOS.dir/__/__/Middlewares/Third_Party/FreeRTOS/Source/tasks.c.obj
                0x080022b4                vTaskDelay
 .text.vTaskStartScheduler
                0x08002320       0xd4 cmake/stm32cubemx/CMakeFiles/FreeRTOS.dir/__/__/Middlewares/Third_Party/FreeRTOS/Source/tasks.c.obj
                0x08002320                vTaskStartScheduler
 .text.vTaskSuspendAll
                0x080023f4       0x1c cmake/stm32cubemx/CMakeFiles/FreeRTOS.dir/__/__/Middlewares/Third_Party/FreeRTOS/Source/tasks.c.obj
                0x080023f4                vTaskSuspendAll
 .text.xTaskResumeAll
                0x08002410      0x13c cmake/stm32cubemx/CMakeFiles/FreeRTOS.dir/__/__/Middlewares/Third_Party/FreeRTOS/Source/tasks.c.obj
                0x08002410                xTaskResumeAll
 .text.xTaskGetTickCount
                0x0800254c       0x1c cmake/stm32cubemx/CMakeFiles/FreeRTOS.dir/__/__/Middlewares/Third_Party/FreeRTOS/Source/tasks.c.obj
                0x0800254c                xTaskGetTickCount
 .text.xTaskIncrementTick
                0x08002568      0x174 cmake/stm32cubemx/CMakeFiles/FreeRTOS.dir/__/__/Middlewares/Third_Party/FreeRTOS/Source/tasks.c.obj
                0x08002568                xTaskIncrementTick
 .text.vTaskSwitchContext
                0x080026dc       0xf4 cmake/stm32cubemx/CMakeFiles/FreeRTOS.dir/__/__/Middlewares/Third_Party/FreeRTOS/Source/tasks.c.obj
                0x080026dc                vTaskSwitchContext
 .text.vTaskPlaceOnEventList
                0x080027d0       0x4c cmake/stm32cubemx/CMakeFiles/FreeRTOS.dir/__/__/Middlewares/Third_Party/FreeRTOS/Source/tasks.c.obj
                0x080027d0                vTaskPlaceOnEventList
 .text.vTaskPlaceOnEventListRestricted
                0x0800281c       0x58 cmake/stm32cubemx/CMakeFiles/FreeRTOS.dir/__/__/Middlewares/Third_Party/FreeRTOS/Source/tasks.c.obj
                0x0800281c                vTaskPlaceOnEventListRestricted
 .text.xTaskRemoveFromEventList
                0x08002874       0xc8 cmake/stm32cubemx/CMakeFiles/FreeRTOS.dir/__/__/Middlewares/Third_Party/FreeRTOS/Source/tasks.c.obj
                0x08002874                xTaskRemoveFromEventList
 .text.vTaskInternalSetTimeOutState
                0x0800293c       0x2c cmake/stm32cubemx/CMakeFiles/FreeRTOS.dir/__/__/Middlewares/Third_Party/FreeRTOS/Source/tasks.c.obj
                0x0800293c                vTaskInternalSetTimeOutState
 .text.xTaskCheckForTimeOut
                0x08002968       0xc8 cmake/stm32cubemx/CMakeFiles/FreeRTOS.dir/__/__/Middlewares/Third_Party/FreeRTOS/Source/tasks.c.obj
                0x08002968                xTaskCheckForTimeOut
 .text.vTaskMissedYield
                0x08002a30       0x18 cmake/stm32cubemx/CMakeFiles/FreeRTOS.dir/__/__/Middlewares/Third_Party/FreeRTOS/Source/tasks.c.obj
                0x08002a30                vTaskMissedYield
 .text.prvIdleTask
                0x08002a48       0x30 cmake/stm32cubemx/CMakeFiles/FreeRTOS.dir/__/__/Middlewares/Third_Party/FreeRTOS/Source/tasks.c.obj
 .text.prvInitialiseTaskLists
                0x08002a78       0x80 cmake/stm32cubemx/CMakeFiles/FreeRTOS.dir/__/__/Middlewares/Third_Party/FreeRTOS/Source/tasks.c.obj
 .text.prvCheckTasksWaitingTermination
                0x08002af8       0x5c cmake/stm32cubemx/CMakeFiles/FreeRTOS.dir/__/__/Middlewares/Third_Party/FreeRTOS/Source/tasks.c.obj
 .text.prvDeleteTCB
                0x08002b54       0x60 cmake/stm32cubemx/CMakeFiles/FreeRTOS.dir/__/__/Middlewares/Third_Party/FreeRTOS/Source/tasks.c.obj
 .text.prvResetNextTaskUnblockTime
                0x08002bb4       0x40 cmake/stm32cubemx/CMakeFiles/FreeRTOS.dir/__/__/Middlewares/Third_Party/FreeRTOS/Source/tasks.c.obj
 .text.xTaskGetSchedulerState
                0x08002bf4       0x3c cmake/stm32cubemx/CMakeFiles/FreeRTOS.dir/__/__/Middlewares/Third_Party/FreeRTOS/Source/tasks.c.obj
                0x08002bf4                xTaskGetSchedulerState
 .text.xTaskPriorityDisinherit
                0x08002c30       0xe0 cmake/stm32cubemx/CMakeFiles/FreeRTOS.dir/__/__/Middlewares/Third_Party/FreeRTOS/Source/tasks.c.obj
                0x08002c30                xTaskPriorityDisinherit
 .text.prvAddCurrentTaskToDelayedList
                0x08002d10       0xa8 cmake/stm32cubemx/CMakeFiles/FreeRTOS.dir/__/__/Middlewares/Third_Party/FreeRTOS/Source/tasks.c.obj
 .text.xTimerCreateTimerTask
                0x08002db8       0x94 cmake/stm32cubemx/CMakeFiles/FreeRTOS.dir/__/__/Middlewares/Third_Party/FreeRTOS/Source/timers.c.obj
                0x08002db8                xTimerCreateTimerTask
 .text.xTimerGenericCommand
                0x08002e4c       0x9c cmake/stm32cubemx/CMakeFiles/FreeRTOS.dir/__/__/Middlewares/Third_Party/FreeRTOS/Source/timers.c.obj
                0x08002e4c                xTimerGenericCommand
 .text.prvProcessExpiredTimer
                0x08002ee8       0x9c cmake/stm32cubemx/CMakeFiles/FreeRTOS.dir/__/__/Middlewares/Third_Party/FreeRTOS/Source/timers.c.obj
 .text.prvTimerTask
                0x08002f84       0x26 cmake/stm32cubemx/CMakeFiles/FreeRTOS.dir/__/__/Middlewares/Third_Party/FreeRTOS/Source/timers.c.obj
 *fill*         0x08002faa        0x2 
 .text.prvProcessTimerOrBlockTask
                0x08002fac       0x9c cmake/stm32cubemx/CMakeFiles/FreeRTOS.dir/__/__/Middlewares/Third_Party/FreeRTOS/Source/timers.c.obj
 .text.prvGetNextExpireTime
                0x08003048       0x44 cmake/stm32cubemx/CMakeFiles/FreeRTOS.dir/__/__/Middlewares/Third_Party/FreeRTOS/Source/timers.c.obj
 .text.prvSampleTimeNow
                0x0800308c       0x40 cmake/stm32cubemx/CMakeFiles/FreeRTOS.dir/__/__/Middlewares/Third_Party/FreeRTOS/Source/timers.c.obj
 .text.prvInsertTimerInActiveList
                0x080030cc       0x84 cmake/stm32cubemx/CMakeFiles/FreeRTOS.dir/__/__/Middlewares/Third_Party/FreeRTOS/Source/timers.c.obj
 .text.prvProcessReceivedCommands
                0x08003150      0x1cc cmake/stm32cubemx/CMakeFiles/FreeRTOS.dir/__/__/Middlewares/Third_Party/FreeRTOS/Source/timers.c.obj
 .text.prvSwitchTimerLists
                0x0800331c       0xcc cmake/stm32cubemx/CMakeFiles/FreeRTOS.dir/__/__/Middlewares/Third_Party/FreeRTOS/Source/timers.c.obj
 .text.prvCheckForValidListAndQueue
                0x080033e8       0x80 cmake/stm32cubemx/CMakeFiles/FreeRTOS.dir/__/__/Middlewares/Third_Party/FreeRTOS/Source/timers.c.obj
 .text.__NVIC_SetPriority
                0x08003468       0x54 cmake/stm32cubemx/CMakeFiles/FreeRTOS.dir/__/__/Middlewares/Third_Party/FreeRTOS/Source/CMSIS_RTOS_V2/cmsis_os2.c.obj
 .text.SVC_Setup
                0x080034bc       0x12 cmake/stm32cubemx/CMakeFiles/FreeRTOS.dir/__/__/Middlewares/Third_Party/FreeRTOS/Source/CMSIS_RTOS_V2/cmsis_os2.c.obj
 *fill*         0x080034ce        0x2 
 .text.osKernelInitialize
                0x080034d0       0x44 cmake/stm32cubemx/CMakeFiles/FreeRTOS.dir/__/__/Middlewares/Third_Party/FreeRTOS/Source/CMSIS_RTOS_V2/cmsis_os2.c.obj
                0x080034d0                osKernelInitialize
 .text.osKernelStart
                0x08003514       0x4c cmake/stm32cubemx/CMakeFiles/FreeRTOS.dir/__/__/Middlewares/Third_Party/FreeRTOS/Source/CMSIS_RTOS_V2/cmsis_os2.c.obj
                0x08003514                osKernelStart
 .text.osThreadNew
                0x08003560      0x124 cmake/stm32cubemx/CMakeFiles/FreeRTOS.dir/__/__/Middlewares/Third_Party/FreeRTOS/Source/CMSIS_RTOS_V2/cmsis_os2.c.obj
                0x08003560                osThreadNew
 .text.osDelay  0x08003684       0x36 cmake/stm32cubemx/CMakeFiles/FreeRTOS.dir/__/__/Middlewares/Third_Party/FreeRTOS/Source/CMSIS_RTOS_V2/cmsis_os2.c.obj
                0x08003684                osDelay
 *fill*         0x080036ba        0x2 
 .text.vApplicationGetIdleTaskMemory
                0x080036bc       0x30 cmake/stm32cubemx/CMakeFiles/FreeRTOS.dir/__/__/Middlewares/Third_Party/FreeRTOS/Source/CMSIS_RTOS_V2/cmsis_os2.c.obj
                0x080036bc                vApplicationGetIdleTaskMemory
 .text.vApplicationGetTimerTaskMemory
                0x080036ec       0x34 cmake/stm32cubemx/CMakeFiles/FreeRTOS.dir/__/__/Middlewares/Third_Party/FreeRTOS/Source/CMSIS_RTOS_V2/cmsis_os2.c.obj
                0x080036ec                vApplicationGetTimerTaskMemory
 .text.pvPortMalloc
                0x08003720      0x19c cmake/stm32cubemx/CMakeFiles/FreeRTOS.dir/__/__/Middlewares/Third_Party/FreeRTOS/Source/portable/MemMang/heap_4.c.obj
                0x08003720                pvPortMalloc
 .text.vPortFree
                0x080038bc       0xc8 cmake/stm32cubemx/CMakeFiles/FreeRTOS.dir/__/__/Middlewares/Third_Party/FreeRTOS/Source/portable/MemMang/heap_4.c.obj
                0x080038bc                vPortFree
 .text.prvHeapInit
                0x08003984       0xc4 cmake/stm32cubemx/CMakeFiles/FreeRTOS.dir/__/__/Middlewares/Third_Party/FreeRTOS/Source/portable/MemMang/heap_4.c.obj
 .text.prvInsertBlockIntoFreeList
                0x08003a48       0xb0 cmake/stm32cubemx/CMakeFiles/FreeRTOS.dir/__/__/Middlewares/Third_Party/FreeRTOS/Source/portable/MemMang/heap_4.c.obj
 .text.pxPortInitialiseStack
                0x08003af8       0x58 cmake/stm32cubemx/CMakeFiles/FreeRTOS.dir/__/__/Middlewares/Third_Party/FreeRTOS/Source/portable/GCC/ARM_CM3/port.c.obj
                0x08003af8                pxPortInitialiseStack
 .text.prvTaskExitError
                0x08003b50       0x58 cmake/stm32cubemx/CMakeFiles/FreeRTOS.dir/__/__/Middlewares/Third_Party/FreeRTOS/Source/portable/GCC/ARM_CM3/port.c.obj
 *fill*         0x08003ba8        0x8 
 .text.SVC_Handler
                0x08003bb0       0x28 cmake/stm32cubemx/CMakeFiles/FreeRTOS.dir/__/__/Middlewares/Third_Party/FreeRTOS/Source/portable/GCC/ARM_CM3/port.c.obj
                0x08003bb0                SVC_Handler
 .text.prvPortStartFirstTask
                0x08003bd8       0x20 cmake/stm32cubemx/CMakeFiles/FreeRTOS.dir/__/__/Middlewares/Third_Party/FreeRTOS/Source/portable/GCC/ARM_CM3/port.c.obj
 .text.xPortStartScheduler
                0x08003bf8       0xe4 cmake/stm32cubemx/CMakeFiles/FreeRTOS.dir/__/__/Middlewares/Third_Party/FreeRTOS/Source/portable/GCC/ARM_CM3/port.c.obj
                0x08003bf8                xPortStartScheduler
 .text.vPortEnterCritical
                0x08003cdc       0x60 cmake/stm32cubemx/CMakeFiles/FreeRTOS.dir/__/__/Middlewares/Third_Party/FreeRTOS/Source/portable/GCC/ARM_CM3/port.c.obj
                0x08003cdc                vPortEnterCritical
 .text.vPortExitCritical
                0x08003d3c       0x54 cmake/stm32cubemx/CMakeFiles/FreeRTOS.dir/__/__/Middlewares/Third_Party/FreeRTOS/Source/portable/GCC/ARM_CM3/port.c.obj
                0x08003d3c                vPortExitCritical
 .text.PendSV_Handler
                0x08003d90       0x48 cmake/stm32cubemx/CMakeFiles/FreeRTOS.dir/__/__/Middlewares/Third_Party/FreeRTOS/Source/portable/GCC/ARM_CM3/port.c.obj
                0x08003d90                PendSV_Handler
 .text.xPortSysTickHandler
                0x08003dd8       0x44 cmake/stm32cubemx/CMakeFiles/FreeRTOS.dir/__/__/Middlewares/Third_Party/FreeRTOS/Source/portable/GCC/ARM_CM3/port.c.obj
                0x08003dd8                xPortSysTickHandler
 .text.vPortSetupTimerInterrupt
                0x08003e1c       0x44 cmake/stm32cubemx/CMakeFiles/FreeRTOS.dir/__/__/Middlewares/Third_Party/FreeRTOS/Source/portable/GCC/ARM_CM3/port.c.obj
                0x08003e1c                vPortSetupTimerInterrupt
 .text.vPortValidateInterruptPriority
                0x08003e60       0x80 cmake/stm32cubemx/CMakeFiles/FreeRTOS.dir/__/__/Middlewares/Third_Party/FreeRTOS/Source/portable/GCC/ARM_CM3/port.c.obj
                0x08003e60                vPortValidateInterruptPriority
 .text.chry_ringbuffer_init
                0x08003ee0       0x62 EmLib/CherryRB/CMakeFiles/CherryRB.dir/chry_ringbuffer.c.obj
                0x08003ee0                chry_ringbuffer_init
 .text.chry_ringbuffer_reset_read
                0x08003f42       0x1a EmLib/CherryRB/CMakeFiles/CherryRB.dir/chry_ringbuffer.c.obj
                0x08003f42                chry_ringbuffer_reset_read
 .text.chry_ringbuffer_get_used
                0x08003f5c       0x1c EmLib/CherryRB/CMakeFiles/CherryRB.dir/chry_ringbuffer.c.obj
                0x08003f5c                chry_ringbuffer_get_used
 .text.chry_ringbuffer_check_full
                0x08003f78       0x26 EmLib/CherryRB/CMakeFiles/CherryRB.dir/chry_ringbuffer.c.obj
                0x08003f78                chry_ringbuffer_check_full
 .text.chry_ringbuffer_overwrite_byte
                0x08003f9e       0x4a EmLib/CherryRB/CMakeFiles/CherryRB.dir/chry_ringbuffer.c.obj
                0x08003f9e                chry_ringbuffer_overwrite_byte
 .text.chry_ringbuffer_peek
                0x08003fe8       0x7a EmLib/CherryRB/CMakeFiles/CherryRB.dir/chry_ringbuffer.c.obj
                0x08003fe8                chry_ringbuffer_peek
 .text.chry_ringbuffer_read
                0x08004062       0x2e EmLib/CherryRB/CMakeFiles/CherryRB.dir/chry_ringbuffer.c.obj
                0x08004062                chry_ringbuffer_read
 .text.chry_ringbuffer_drop
                0x08004090       0x3a EmLib/CherryRB/CMakeFiles/CherryRB.dir/chry_ringbuffer.c.obj
                0x08004090                chry_ringbuffer_drop
 *fill*         0x080040ca        0x2 
 .text._DoInit  0x080040cc       0xb0 EmLib/SEGGER_RTT/CMakeFiles/SEGGER_RTT.dir/SEGGER_RTT.c.obj
 .text._WriteBlocking
                0x0800417c       0xb6 EmLib/SEGGER_RTT/CMakeFiles/SEGGER_RTT.dir/SEGGER_RTT.c.obj
 .text._WriteNoCheck
                0x08004232       0x88 EmLib/SEGGER_RTT/CMakeFiles/SEGGER_RTT.dir/SEGGER_RTT.c.obj
 .text._GetAvailWriteSpace
                0x080042ba       0x44 EmLib/SEGGER_RTT/CMakeFiles/SEGGER_RTT.dir/SEGGER_RTT.c.obj
 *fill*         0x080042fe        0x2 
 .text.SEGGER_RTT_WriteNoLock
                0x08004300       0xa0 EmLib/SEGGER_RTT/CMakeFiles/SEGGER_RTT.dir/SEGGER_RTT.c.obj
                0x08004300                SEGGER_RTT_WriteNoLock
 .text.SEGGER_RTT_Write
                0x080043a0       0x4c EmLib/SEGGER_RTT/CMakeFiles/SEGGER_RTT.dir/SEGGER_RTT.c.obj
                0x080043a0                SEGGER_RTT_Write
 .text._Z5writePKcj
                0x080043ec       0x1c EmLib/eLOG/CMakeFiles/eLOG.dir/elog.cpp.obj
                0x080043ec                write(char const*, unsigned int)
 .text.__NVIC_GetPriorityGrouping
                0x08004408       0x1c CMakeFiles/PN532_test.dir/Core/Src/main.c.obj
 .text.__NVIC_EnableIRQ
                0x08004424       0x38 CMakeFiles/PN532_test.dir/Core/Src/main.c.obj
 .text.__NVIC_SetPriority
                0x0800445c       0x54 CMakeFiles/PN532_test.dir/Core/Src/main.c.obj
 .text.NVIC_EncodePriority
                0x080044b0       0x64 CMakeFiles/PN532_test.dir/Core/Src/main.c.obj
 .text.LL_USART_Enable
                0x08004514       0x1e CMakeFiles/PN532_test.dir/Core/Src/main.c.obj
 .text.LL_USART_ConfigAsyncMode
                0x08004532       0x2a CMakeFiles/PN532_test.dir/Core/Src/main.c.obj
 .text.LL_USART_EnableIT_RXNE
                0x0800455c       0x44 CMakeFiles/PN532_test.dir/Core/Src/main.c.obj
 .text.LL_APB2_GRP1_EnableClock
                0x080045a0       0x30 CMakeFiles/PN532_test.dir/Core/Src/main.c.obj
 .text.main     0x080045d0       0xa8 CMakeFiles/PN532_test.dir/Core/Src/main.c.obj
                0x080045d0                main
 .text.SystemClock_Config
                0x08004678       0xb6 CMakeFiles/PN532_test.dir/Core/Src/main.c.obj
                0x08004678                SystemClock_Config
 *fill*         0x0800472e        0x2 
 .text.MX_USART1_UART_Init
                0x08004730       0xd0 CMakeFiles/PN532_test.dir/Core/Src/main.c.obj
 .text.MX_GPIO_Init
                0x08004800       0x5c CMakeFiles/PN532_test.dir/Core/Src/main.c.obj
 .text.StartDefaultTask
                0x0800485c       0x10 CMakeFiles/PN532_test.dir/Core/Src/main.c.obj
                0x0800485c                StartDefaultTask
 .text.Error_Handler
                0x0800486c        0xc CMakeFiles/PN532_test.dir/Core/Src/main.c.obj
                0x0800486c                Error_Handler
 .text.configureTimerForRunTimeStats
                0x08004878        0xc CMakeFiles/PN532_test.dir/Core/Src/freertos.c.obj
                0x08004878                configureTimerForRunTimeStats
 .text.getRunTimeCounterValue
                0x08004884        0xe CMakeFiles/PN532_test.dir/Core/Src/freertos.c.obj
                0x08004884                getRunTimeCounterValue
 .text.NMI_Handler
                0x08004892        0x8 CMakeFiles/PN532_test.dir/Core/Src/stm32f1xx_it.c.obj
                0x08004892                NMI_Handler
 .text.HardFault_Handler
                0x0800489a        0x8 CMakeFiles/PN532_test.dir/Core/Src/stm32f1xx_it.c.obj
                0x0800489a                HardFault_Handler
 .text.MemManage_Handler
                0x080048a2        0x8 CMakeFiles/PN532_test.dir/Core/Src/stm32f1xx_it.c.obj
                0x080048a2                MemManage_Handler
 .text.BusFault_Handler
                0x080048aa        0x8 CMakeFiles/PN532_test.dir/Core/Src/stm32f1xx_it.c.obj
                0x080048aa                BusFault_Handler
 .text.UsageFault_Handler
                0x080048b2        0x8 CMakeFiles/PN532_test.dir/Core/Src/stm32f1xx_it.c.obj
                0x080048b2                UsageFault_Handler
 .text.DebugMon_Handler
                0x080048ba        0xc CMakeFiles/PN532_test.dir/Core/Src/stm32f1xx_it.c.obj
                0x080048ba                DebugMon_Handler
 .text.SysTick_Handler
                0x080048c6       0x1a CMakeFiles/PN532_test.dir/Core/Src/stm32f1xx_it.c.obj
                0x080048c6                SysTick_Handler
 .text.HAL_MspInit
                0x080048e0       0x70 CMakeFiles/PN532_test.dir/Core/Src/stm32f1xx_hal_msp.c.obj
                0x080048e0                HAL_MspInit
 .text.HAL_PCD_MspInit
                0x08004950       0x4c CMakeFiles/PN532_test.dir/Core/Src/stm32f1xx_hal_msp.c.obj
                0x08004950                HAL_PCD_MspInit
 .text._sbrk    0x0800499c       0x6c CMakeFiles/PN532_test.dir/Core/Src/sysmem.c.obj
                0x0800499c                _sbrk
 .text._read    0x08004a08       0x3a CMakeFiles/PN532_test.dir/Core/Src/syscalls.c.obj
                0x08004a08                _read
 .text._close   0x08004a42       0x16 CMakeFiles/PN532_test.dir/Core/Src/syscalls.c.obj
                0x08004a42                _close
 .text._fstat   0x08004a58       0x1e CMakeFiles/PN532_test.dir/Core/Src/syscalls.c.obj
                0x08004a58                _fstat
 .text._isatty  0x08004a76       0x14 CMakeFiles/PN532_test.dir/Core/Src/syscalls.c.obj
                0x08004a76                _isatty
 .text._lseek   0x08004a8a       0x18 CMakeFiles/PN532_test.dir/Core/Src/syscalls.c.obj
                0x08004a8a                _lseek
 *fill*         0x08004aa2        0x2 
 .text.Reset_Handler
                0x08004aa4       0x48 CMakeFiles/PN532_test.dir/startup_stm32f103xb.s.obj
                0x08004aa4                Reset_Handler
 .text.Default_Handler
                0x08004aec        0x2 CMakeFiles/PN532_test.dir/startup_stm32f103xb.s.obj
                0x08004aec                RTC_Alarm_IRQHandler
                0x08004aec                EXTI2_IRQHandler
                0x08004aec                TIM1_CC_IRQHandler
                0x08004aec                PVD_IRQHandler
                0x08004aec                EXTI3_IRQHandler
                0x08004aec                EXTI0_IRQHandler
                0x08004aec                I2C2_EV_IRQHandler
                0x08004aec                ADC1_2_IRQHandler
                0x08004aec                SPI1_IRQHandler
                0x08004aec                TAMPER_IRQHandler
                0x08004aec                DMA1_Channel4_IRQHandler
                0x08004aec                USART3_IRQHandler
                0x08004aec                RTC_IRQHandler
                0x08004aec                DMA1_Channel7_IRQHandler
                0x08004aec                CAN1_RX1_IRQHandler
                0x08004aec                TIM4_IRQHandler
                0x08004aec                I2C1_EV_IRQHandler
                0x08004aec                DMA1_Channel6_IRQHandler
                0x08004aec                TIM3_IRQHandler
                0x08004aec                RCC_IRQHandler
                0x08004aec                TIM1_TRG_COM_IRQHandler
                0x08004aec                DMA1_Channel1_IRQHandler
                0x08004aec                Default_Handler
                0x08004aec                EXTI15_10_IRQHandler
                0x08004aec                EXTI9_5_IRQHandler
                0x08004aec                SPI2_IRQHandler
                0x08004aec                DMA1_Channel5_IRQHandler
                0x08004aec                EXTI4_IRQHandler
                0x08004aec                USB_HP_CAN1_TX_IRQHandler
                0x08004aec                DMA1_Channel3_IRQHandler
                0x08004aec                TIM1_UP_IRQHandler
                0x08004aec                WWDG_IRQHandler
                0x08004aec                TIM2_IRQHandler
                0x08004aec                TIM1_BRK_IRQHandler
                0x08004aec                EXTI1_IRQHandler
                0x08004aec                USART2_IRQHandler
                0x08004aec                I2C2_ER_IRQHandler
                0x08004aec                DMA1_Channel2_IRQHandler
                0x08004aec                CAN1_SCE_IRQHandler
                0x08004aec                FLASH_IRQHandler
                0x08004aec                I2C1_ER_IRQHandler
                0x08004aec                USBWakeUp_IRQHandler
 .text.LL_USART_IsActiveFlag_RXNE
                0x08004aee       0x24 CMakeFiles/PN532_test.dir/Core/Src/task.cpp.obj
 .text.LL_USART_IsActiveFlag_TXE
                0x08004b12       0x24 CMakeFiles/PN532_test.dir/Core/Src/task.cpp.obj
 .text.LL_USART_ReceiveData8
                0x08004b36       0x18 CMakeFiles/PN532_test.dir/Core/Src/task.cpp.obj
 .text.LL_USART_TransmitData8
                0x08004b4e       0x1c CMakeFiles/PN532_test.dir/Core/Src/task.cpp.obj
 .text.dword2array
                0x08004b6a       0x40 CMakeFiles/PN532_test.dir/Core/Src/task.cpp.obj
 .text.usb_memcpy
                0x08004baa      0x1de CMakeFiles/PN532_test.dir/Core/Src/task.cpp.obj
 .text.StartPN532_tsstTask
                0x08004d88       0x40 CMakeFiles/PN532_test.dir/Core/Src/task.cpp.obj
                0x08004d88                StartPN532_tsstTask
 .text.Start_PN532_Task
                0x08004dc8       0x48 CMakeFiles/PN532_test.dir/Core/Src/task.cpp.obj
                0x08004dc8                Start_PN532_Task
 .text.usbd_hid_int_callback
                0x08004e10       0x24 CMakeFiles/PN532_test.dir/Core/Src/task.cpp.obj
                0x08004e10                usbd_hid_int_callback
 .text.send_key
                0x08004e34       0x74 CMakeFiles/PN532_test.dir/Core/Src/task.cpp.obj
                0x08004e34                send_key
 .text.StartKeyBoardTask
                0x08004ea8       0xd8 CMakeFiles/PN532_test.dir/Core/Src/task.cpp.obj
                0x08004ea8                StartKeyBoardTask
 .text.USART1_IRQHandler
                0x08004f80       0x30 CMakeFiles/PN532_test.dir/Core/Src/task.cpp.obj
                0x08004f80                USART1_IRQHandler
 .text._write   0x08004fb0       0x22 CMakeFiles/PN532_test.dir/Core/Src/task.cpp.obj
                0x08004fb0                _write
 *fill*         0x08004fd2        0x2 
 .text._ZN10RingBufferIXadL_Z2rbEEXadL_Z4dataEELm128EE4initEv
                0x08004fd4       0x1c CMakeFiles/PN532_test.dir/Core/Src/task.cpp.obj
                0x08004fd4                RingBuffer<&rb, &data, 128ul>::init()
 .text._ZN6PN532_I14PN532_HAL_UARTIN3HAL5stm327UART_LLILm1073821696EEEE10RingBufferIXadL_Z2rbEEXadL_Z4dataEELm128EEE7wake_upEv
                0x08004ff0       0x28 CMakeFiles/PN532_test.dir/Core/Src/task.cpp.obj
                0x08004ff0                PN532_<PN532_HAL_UART<HAL::stm32::UART_LL<1073821696ul> >, RingBuffer<&rb, &data, 128ul> >::wake_up()
 .text._ZN6PN532_I14PN532_HAL_UARTIN3HAL5stm327UART_LLILm1073821696EEEE10RingBufferIXadL_Z2rbEEXadL_Z4dataEELm128EEE20get_firmware_versionEv
                0x08005018       0x20 CMakeFiles/PN532_test.dir/Core/Src/task.cpp.obj
                0x08005018                PN532_<PN532_HAL_UART<HAL::stm32::UART_LL<1073821696ul> >, RingBuffer<&rb, &data, 128ul> >::get_firmware_version()
 .text._ZN6PN532_I14PN532_HAL_UARTIN3HAL5stm327UART_LLILm1073821696EEEE10RingBufferIXadL_Z2rbEEXadL_Z4dataEELm128EEE9scan_cardENS8_9card_typeEh
                0x08005038       0x8c CMakeFiles/PN532_test.dir/Core/Src/task.cpp.obj
                0x08005038                PN532_<PN532_HAL_UART<HAL::stm32::UART_LL<1073821696ul> >, RingBuffer<&rb, &data, 128ul> >::scan_card(PN532_<PN532_HAL_UART<HAL::stm32::UART_LL<1073821696ul> >, RingBuffer<&rb, &data, 128ul> >::card_type, unsigned char)
 .text._ZN6PN532_I14PN532_HAL_UARTIN3HAL5stm327UART_LLILm1073821696EEEE10RingBufferIXadL_Z2rbEEXadL_Z4dataEELm128EEE9Rx_HandleEv
                0x080050c4      0x19c CMakeFiles/PN532_test.dir/Core/Src/task.cpp.obj
                0x080050c4                PN532_<PN532_HAL_UART<HAL::stm32::UART_LL<1073821696ul> >, RingBuffer<&rb, &data, 128ul> >::Rx_Handle()
 .text._ZN10RingBufferIXadL_Z2rbEEXadL_Z4dataEELm128EE14overwrite_byteEh
                0x08005260       0x24 CMakeFiles/PN532_test.dir/Core/Src/task.cpp.obj
                0x08005260                RingBuffer<&rb, &data, 128ul>::overwrite_byte(unsigned char)
 .text._ZN14PN532_HAL_UARTIN3HAL5stm327UART_LLILm1073821696EEEE8transmitEPKhhm
                0x08005284       0x24 CMakeFiles/PN532_test.dir/Core/Src/task.cpp.obj
                0x08005284                PN532_HAL_UART<HAL::stm32::UART_LL<1073821696ul> >::transmit(unsigned char const*, unsigned char, unsigned long)
 .text._ZN6PN532_I14PN532_HAL_UARTIN3HAL5stm327UART_LLILm1073821696EEEE10RingBufferIXadL_Z2rbEEXadL_Z4dataEELm128EEE12send_commandEhPhh
                0x080052a8       0xc4 CMakeFiles/PN532_test.dir/Core/Src/task.cpp.obj
                0x080052a8                PN532_<PN532_HAL_UART<HAL::stm32::UART_LL<1073821696ul> >, RingBuffer<&rb, &data, 128ul> >::send_command(unsigned char, unsigned char*, unsigned char)
 .text._ZN10RingBufferIXadL_Z2rbEEXadL_Z4dataEELm128EE8get_usedEv
                0x0800536c       0x14 CMakeFiles/PN532_test.dir/Core/Src/task.cpp.obj
                0x0800536c                RingBuffer<&rb, &data, 128ul>::get_used()
 .text._ZN10RingBufferIXadL_Z2rbEEXadL_Z4dataEELm128EE4peekEPvm
                0x08005380       0x24 CMakeFiles/PN532_test.dir/Core/Src/task.cpp.obj
                0x08005380                RingBuffer<&rb, &data, 128ul>::peek(void*, unsigned long)
 .text._ZN10RingBufferIXadL_Z2rbEEXadL_Z4dataEELm128EE4dropEm
                0x080053a4       0x20 CMakeFiles/PN532_test.dir/Core/Src/task.cpp.obj
                0x080053a4                RingBuffer<&rb, &data, 128ul>::drop(unsigned long)
 .text._ZN4LOG_IXadL_Z5writePKcjEEL8LogLevel0EXadL_Z10log_bufferEELj128EE3DBGES1_z
                0x080053c4       0x54 CMakeFiles/PN532_test.dir/Core/Src/task.cpp.obj
                0x080053c4                LOG_<&(write(char const*, unsigned int)), (LogLevel)0, &log_buffer, 128u>::DBG(char const*, ...)
 .text._ZN10RingBufferIXadL_Z2rbEEXadL_Z4dataEELm128EE4readEPvm
                0x08005418       0x24 CMakeFiles/PN532_test.dir/Core/Src/task.cpp.obj
                0x08005418                RingBuffer<&rb, &data, 128ul>::read(void*, unsigned long)
 .text._ZN6PN532_I14PN532_HAL_UARTIN3HAL5stm327UART_LLILm1073821696EEEE10RingBufferIXadL_Z2rbEEXadL_Z4dataEELm128EEE8send_ACKEv
                0x0800543c       0x38 CMakeFiles/PN532_test.dir/Core/Src/task.cpp.obj
                0x0800543c                PN532_<PN532_HAL_UART<HAL::stm32::UART_LL<1073821696ul> >, RingBuffer<&rb, &data, 128ul> >::send_ACK()
 .text._ZN6PN532_I14PN532_HAL_UARTIN3HAL5stm327UART_LLILm1073821696EEEE10RingBufferIXadL_Z2rbEEXadL_Z4dataEELm128EEE14command_HandldEhPhh
                0x08005474      0x1b4 CMakeFiles/PN532_test.dir/Core/Src/task.cpp.obj
                0x08005474                PN532_<PN532_HAL_UART<HAL::stm32::UART_LL<1073821696ul> >, RingBuffer<&rb, &data, 128ul> >::command_Handld(unsigned char, unsigned char*, unsigned char)
 .text._ZN4LOG_IXadL_Z5writePKcjEEL8LogLevel0EXadL_Z10log_bufferEELj128EE5ERRORES1_z
                0x08005628       0x54 CMakeFiles/PN532_test.dir/Core/Src/task.cpp.obj
                0x08005628                LOG_<&(write(char const*, unsigned int)), (LogLevel)0, &log_buffer, 128u>::ERROR(char const*, ...)
 .text._ZN10RingBufferIXadL_Z2rbEEXadL_Z4dataEELm128EE10reset_readEv
                0x0800567c       0x14 CMakeFiles/PN532_test.dir/Core/Src/task.cpp.obj
                0x0800567c                RingBuffer<&rb, &data, 128ul>::reset_read()
 .text._ZN3HAL5stm327UART_LLILm1073821696EE8transmitEPKhtm
                0x08005690       0x58 CMakeFiles/PN532_test.dir/Core/Src/task.cpp.obj
                0x08005690                HAL::stm32::UART_LL<1073821696ul>::transmit(unsigned char const*, unsigned short, unsigned long)
 .text._ZNKSt5arrayIhLj6EE4dataEv
                0x080056e8       0x14 CMakeFiles/PN532_test.dir/Core/Src/task.cpp.obj
                0x080056e8                std::array<unsigned char, 6u>::data() const
 .text._ZN4LOG_IXadL_Z5writePKcjEEL8LogLevel0EXadL_Z10log_bufferEELj128EE4INFOES1_z
                0x080056fc       0x54 CMakeFiles/PN532_test.dir/Core/Src/task.cpp.obj
                0x080056fc                LOG_<&(write(char const*, unsigned int)), (LogLevel)0, &log_buffer, 128u>::INFO(char const*, ...)
 .text._ZN3BIT4READIhEEbT_i
                0x08005750       0x2c CMakeFiles/PN532_test.dir/Core/Src/task.cpp.obj
                0x08005750                bool BIT::READ<unsigned char>(unsigned char, int)
 .text._ZN6PN532_I14PN532_HAL_UARTIN3HAL5stm327UART_LLILm1073821696EEEE10RingBufferIXadL_Z2rbEEXadL_Z4dataEELm128EEE15log_card_info_BEPhhS9_
                0x0800577c       0xd0 CMakeFiles/PN532_test.dir/Core/Src/task.cpp.obj
                0x0800577c                PN532_<PN532_HAL_UART<HAL::stm32::UART_LL<1073821696ul> >, RingBuffer<&rb, &data, 128ul> >::log_card_info_B(unsigned char*, unsigned char, unsigned char*)
 .text._ZN6PN532_I14PN532_HAL_UARTIN3HAL5stm327UART_LLILm1073821696EEEE10RingBufferIXadL_Z2rbEEXadL_Z4dataEELm128EEE15log_card_info_AEithhPh
                0x0800584c       0xb0 CMakeFiles/PN532_test.dir/Core/Src/task.cpp.obj
                0x0800584c                PN532_<PN532_HAL_UART<HAL::stm32::UART_LL<1073821696ul> >, RingBuffer<&rb, &data, 128ul> >::log_card_info_A(int, unsigned short, unsigned char, unsigned char, unsigned char*)
 .text._ZN6PN532_I14PN532_HAL_UARTIN3HAL5stm327UART_LLILm1073821696EEEE10RingBufferIXadL_Z2rbEEXadL_Z4dataEELm128EEE7log_ATSEPh
                0x080058fc       0x58 CMakeFiles/PN532_test.dir/Core/Src/task.cpp.obj
                0x080058fc                PN532_<PN532_HAL_UART<HAL::stm32::UART_LL<1073821696ul> >, RingBuffer<&rb, &data, 128ul> >::log_ATS(unsigned char*)
 .text._ZN4LOG_IXadL_Z5writePKcjEEL8LogLevel0EXadL_Z10log_bufferEELj128EE6NORMALES2_S1_z
                0x08005954       0x44 CMakeFiles/PN532_test.dir/Core/Src/task.cpp.obj
                0x08005954                LOG_<&(write(char const*, unsigned int)), (LogLevel)0, &log_buffer, 128u>::NORMAL(LogLevel, char const*, ...)
 .text.device_descriptor_callback
                0x08005998       0x1c CMakeFiles/PN532_test.dir/Core/Src/hid_keyboard_template.c.obj
 .text.config_descriptor_callback
                0x080059b4       0x1c CMakeFiles/PN532_test.dir/Core/Src/hid_keyboard_template.c.obj
 .text.device_quality_descriptor_callback
                0x080059d0       0x1c CMakeFiles/PN532_test.dir/Core/Src/hid_keyboard_template.c.obj
 .text.string_descriptor_callback
                0x080059ec       0x30 CMakeFiles/PN532_test.dir/Core/Src/hid_keyboard_template.c.obj
 .text.usbd_event_handler
                0x08005a1c       0x60 CMakeFiles/PN532_test.dir/Core/Src/hid_keyboard_template.c.obj
 .text.hid_keyboard_init
                0x08005a7c       0x60 CMakeFiles/PN532_test.dir/Core/Src/hid_keyboard_template.c.obj
                0x08005a7c                hid_keyboard_init
 .text.dword2array
                0x08005adc       0x40 CMakeFiles/PN532_test.dir/CherryUSB/core/usbd_core.c.obj
 .text.usb_memcpy
                0x08005b1c      0x1c2 CMakeFiles/PN532_test.dir/CherryUSB/core/usbd_core.c.obj
 *fill*         0x08005cde        0x2 
 .text.usbd_print_setup
                0x08005ce0       0x58 CMakeFiles/PN532_test.dir/CherryUSB/core/usbd_core.c.obj
 .text.is_device_configured
                0x08005d38       0x38 CMakeFiles/PN532_test.dir/CherryUSB/core/usbd_core.c.obj
 .text.usbd_set_endpoint
                0x08005d70      0x114 CMakeFiles/PN532_test.dir/CherryUSB/core/usbd_core.c.obj
 .text.usbd_reset_endpoint
                0x08005e84       0x2e CMakeFiles/PN532_test.dir/CherryUSB/core/usbd_core.c.obj
 *fill*         0x08005eb2        0x2 
 .text.usbd_get_descriptor
                0x08005eb4      0x474 CMakeFiles/PN532_test.dir/CherryUSB/core/usbd_core.c.obj
 .text.usbd_set_configuration
                0x08006328      0x10c CMakeFiles/PN532_test.dir/CherryUSB/core/usbd_core.c.obj
 .text.usbd_set_interface
                0x08006434      0x144 CMakeFiles/PN532_test.dir/CherryUSB/core/usbd_core.c.obj
 .text.usbd_std_device_req_handler
                0x08006578      0x274 CMakeFiles/PN532_test.dir/CherryUSB/core/usbd_core.c.obj
 .text.usbd_std_interface_req_handler
                0x080067ec      0x268 CMakeFiles/PN532_test.dir/CherryUSB/core/usbd_core.c.obj
 .text.usbd_std_endpoint_req_handler
                0x08006a54      0x14c CMakeFiles/PN532_test.dir/CherryUSB/core/usbd_core.c.obj
 .text.usbd_standard_request_handler
                0x08006ba0       0xaa CMakeFiles/PN532_test.dir/CherryUSB/core/usbd_core.c.obj
 *fill*         0x08006c4a        0x2 
 .text.usbd_class_request_handler
                0x08006c4c      0x108 CMakeFiles/PN532_test.dir/CherryUSB/core/usbd_core.c.obj
 .text.usbd_vendor_request_handler
                0x08006d54      0x3b4 CMakeFiles/PN532_test.dir/CherryUSB/core/usbd_core.c.obj
 .text.usbd_setup_request_handler
                0x08007108       0xf8 CMakeFiles/PN532_test.dir/CherryUSB/core/usbd_core.c.obj
 .text.usbd_class_event_notify_handler
                0x08007200       0xa8 CMakeFiles/PN532_test.dir/CherryUSB/core/usbd_core.c.obj
 .text.usbd_event_reset_handler
                0x080072a8       0xd8 CMakeFiles/PN532_test.dir/CherryUSB/core/usbd_core.c.obj
                0x080072a8                usbd_event_reset_handler
 .text.__usbd_event_ep0_setup_complete_handler
                0x08007380      0x2ec CMakeFiles/PN532_test.dir/CherryUSB/core/usbd_core.c.obj
 .text.usbd_event_ep0_setup_complete_handler
                0x0800766c       0x3c CMakeFiles/PN532_test.dir/CherryUSB/core/usbd_core.c.obj
                0x0800766c                usbd_event_ep0_setup_complete_handler
 .text.usbd_event_ep0_in_complete_handler
                0x080076a8      0x15c CMakeFiles/PN532_test.dir/CherryUSB/core/usbd_core.c.obj
 .text.usbd_event_ep0_out_complete_handler
                0x08007804      0x17c CMakeFiles/PN532_test.dir/CherryUSB/core/usbd_core.c.obj
 .text.usbd_event_ep_in_complete_handler
                0x08007980       0x70 CMakeFiles/PN532_test.dir/CherryUSB/core/usbd_core.c.obj
                0x08007980                usbd_event_ep_in_complete_handler
 .text.usbd_event_ep_out_complete_handler
                0x080079f0       0x70 CMakeFiles/PN532_test.dir/CherryUSB/core/usbd_core.c.obj
                0x080079f0                usbd_event_ep_out_complete_handler
 .text.usbd_desc_register
                0x08007a60       0xbc CMakeFiles/PN532_test.dir/CherryUSB/core/usbd_core.c.obj
                0x08007a60                usbd_desc_register
 .text.usbd_add_interface
                0x08007b1c       0x8c CMakeFiles/PN532_test.dir/CherryUSB/core/usbd_core.c.obj
                0x08007b1c                usbd_add_interface
 .text.usbd_add_endpoint
                0x08007ba8       0xd4 CMakeFiles/PN532_test.dir/CherryUSB/core/usbd_core.c.obj
                0x08007ba8                usbd_add_endpoint
 .text.usb_device_is_configured
                0x08007c7c       0x38 CMakeFiles/PN532_test.dir/CherryUSB/core/usbd_core.c.obj
                0x08007c7c                usb_device_is_configured
 .text.usbd_initialize
                0x08007cb4       0xa0 CMakeFiles/PN532_test.dir/CherryUSB/core/usbd_core.c.obj
                0x08007cb4                usbd_initialize
 .text.hid_class_interface_request_handler
                0x08007d54      0x150 CMakeFiles/PN532_test.dir/CherryUSB/class/hid/usbd_hid.c.obj
 .text.usbd_hid_init_intf
                0x08007ea4       0x44 CMakeFiles/PN532_test.dir/CherryUSB/class/hid/usbd_hid.c.obj
                0x08007ea4                usbd_hid_init_intf
 .text.usbd_hid_get_report
                0x08007ee8       0x36 CMakeFiles/PN532_test.dir/CherryUSB/class/hid/usbd_hid.c.obj
                0x08007ee8                usbd_hid_get_report
 .text.usbd_hid_get_idle
                0x08007f1e       0x1e CMakeFiles/PN532_test.dir/CherryUSB/class/hid/usbd_hid.c.obj
                0x08007f1e                usbd_hid_get_idle
 .text.usbd_hid_get_protocol
                0x08007f3c       0x1c CMakeFiles/PN532_test.dir/CherryUSB/class/hid/usbd_hid.c.obj
                0x08007f3c                usbd_hid_get_protocol
 .text.usbd_hid_set_report
                0x08007f58       0x28 CMakeFiles/PN532_test.dir/CherryUSB/class/hid/usbd_hid.c.obj
                0x08007f58                usbd_hid_set_report
 .text.usbd_hid_set_idle
                0x08007f80       0x28 CMakeFiles/PN532_test.dir/CherryUSB/class/hid/usbd_hid.c.obj
                0x08007f80                usbd_hid_set_idle
 .text.usbd_hid_set_protocol
                0x08007fa8       0x1c CMakeFiles/PN532_test.dir/CherryUSB/class/hid/usbd_hid.c.obj
                0x08007fa8                usbd_hid_set_protocol
 .text.usb_dc_init
                0x08007fc4       0x74 CMakeFiles/PN532_test.dir/CherryUSB/port/fsdev/usb_dc_fsdev.c.obj
                0x08007fc4                usb_dc_init
 .text.usbd_set_address
                0x08008038       0x3c CMakeFiles/PN532_test.dir/CherryUSB/port/fsdev/usb_dc_fsdev.c.obj
                0x08008038                usbd_set_address
 .text.usbd_get_port_speed
                0x08008074       0x16 CMakeFiles/PN532_test.dir/CherryUSB/port/fsdev/usb_dc_fsdev.c.obj
                0x08008074                usbd_get_port_speed
 *fill*         0x0800808a        0x2 
 .text.usbd_ep_open
                0x0800808c      0x6b4 CMakeFiles/PN532_test.dir/CherryUSB/port/fsdev/usb_dc_fsdev.c.obj
                0x0800808c                usbd_ep_open
 .text.usbd_ep_close
                0x08008740      0x158 CMakeFiles/PN532_test.dir/CherryUSB/port/fsdev/usb_dc_fsdev.c.obj
                0x08008740                usbd_ep_close
 .text.usbd_ep_set_stall
                0x08008898       0xbc CMakeFiles/PN532_test.dir/CherryUSB/port/fsdev/usb_dc_fsdev.c.obj
                0x08008898                usbd_ep_set_stall
 .text.usbd_ep_clear_stall
                0x08008954      0x188 CMakeFiles/PN532_test.dir/CherryUSB/port/fsdev/usb_dc_fsdev.c.obj
                0x08008954                usbd_ep_clear_stall
 .text.usbd_ep_is_stalled
                0x08008adc       0x80 CMakeFiles/PN532_test.dir/CherryUSB/port/fsdev/usb_dc_fsdev.c.obj
                0x08008adc                usbd_ep_is_stalled
 .text.usbd_ep_start_write
                0x08008b5c      0x154 CMakeFiles/PN532_test.dir/CherryUSB/port/fsdev/usb_dc_fsdev.c.obj
                0x08008b5c                usbd_ep_start_write
 .text.usbd_ep_start_read
                0x08008cb0       0xe4 CMakeFiles/PN532_test.dir/CherryUSB/port/fsdev/usb_dc_fsdev.c.obj
                0x08008cb0                usbd_ep_start_read
 .text.USBD_IRQHandler
                0x08008d94      0xa60 CMakeFiles/PN532_test.dir/CherryUSB/port/fsdev/usb_dc_fsdev.c.obj
                0x08008d94                USBD_IRQHandler
 .text.fsdev_write_pma
                0x080097f4       0x88 CMakeFiles/PN532_test.dir/CherryUSB/port/fsdev/usb_dc_fsdev.c.obj
 .text.fsdev_read_pma
                0x0800987c       0x9e CMakeFiles/PN532_test.dir/CherryUSB/port/fsdev/usb_dc_fsdev.c.obj
 *fill*         0x0800991a        0x2 
 .text.usb_dc_low_level_init
                0x0800991c       0x30 CMakeFiles/PN532_test.dir/CherryUSB/port/fsdev/usb_glue_st.c.obj
                0x0800991c                usb_dc_low_level_init
 .text.USB_LP_CAN1_RX0_IRQHandler
                0x0800994c        0xe CMakeFiles/PN532_test.dir/CherryUSB/port/fsdev/usb_glue_st.c.obj
                0x0800994c                USB_LP_CAN1_RX0_IRQHandler
 *fill*         0x0800995a        0x2 
 .text.std      0x0800995c       0x6c C:/Users/28584/APP/arm-gnu-toolchain-14.3.rel1-mingw-w64-x86_64-arm-none-eabi/bin/../lib/gcc/arm-none-eabi/14.3.1/../../../../arm-none-eabi/lib/thumb/v7-m/nofp\libc_nano.a(libc_a-findfp.o)
 .text.stdio_exit_handler
                0x080099c8       0x18 C:/Users/28584/APP/arm-gnu-toolchain-14.3.rel1-mingw-w64-x86_64-arm-none-eabi/bin/../lib/gcc/arm-none-eabi/14.3.1/../../../../arm-none-eabi/lib/thumb/v7-m/nofp\libc_nano.a(libc_a-findfp.o)
 .text.cleanup_stdio
                0x080099e0       0x40 C:/Users/28584/APP/arm-gnu-toolchain-14.3.rel1-mingw-w64-x86_64-arm-none-eabi/bin/../lib/gcc/arm-none-eabi/14.3.1/../../../../arm-none-eabi/lib/thumb/v7-m/nofp\libc_nano.a(libc_a-findfp.o)
 .text.global_stdio_init.part.0
                0x08009a20       0x40 C:/Users/28584/APP/arm-gnu-toolchain-14.3.rel1-mingw-w64-x86_64-arm-none-eabi/bin/../lib/gcc/arm-none-eabi/14.3.1/../../../../arm-none-eabi/lib/thumb/v7-m/nofp\libc_nano.a(libc_a-findfp.o)
 .text.__sfp_lock_acquire
                0x08009a60        0xc C:/Users/28584/APP/arm-gnu-toolchain-14.3.rel1-mingw-w64-x86_64-arm-none-eabi/bin/../lib/gcc/arm-none-eabi/14.3.1/../../../../arm-none-eabi/lib/thumb/v7-m/nofp\libc_nano.a(libc_a-findfp.o)
                0x08009a60                __sfp_lock_acquire
 .text.__sfp_lock_release
                0x08009a6c        0xc C:/Users/28584/APP/arm-gnu-toolchain-14.3.rel1-mingw-w64-x86_64-arm-none-eabi/bin/../lib/gcc/arm-none-eabi/14.3.1/../../../../arm-none-eabi/lib/thumb/v7-m/nofp\libc_nano.a(libc_a-findfp.o)
                0x08009a6c                __sfp_lock_release
 .text.__sinit  0x08009a78       0x30 C:/Users/28584/APP/arm-gnu-toolchain-14.3.rel1-mingw-w64-x86_64-arm-none-eabi/bin/../lib/gcc/arm-none-eabi/14.3.1/../../../../arm-none-eabi/lib/thumb/v7-m/nofp\libc_nano.a(libc_a-findfp.o)
                0x08009a78                __sinit
 .text._fwalk_sglue
                0x08009aa8       0x3c C:/Users/28584/APP/arm-gnu-toolchain-14.3.rel1-mingw-w64-x86_64-arm-none-eabi/bin/../lib/gcc/arm-none-eabi/14.3.1/../../../../arm-none-eabi/lib/thumb/v7-m/nofp\libc_nano.a(libc_a-fwalk.o)
                0x08009aa8                _fwalk_sglue
 .text.printf   0x08009ae4       0x24 C:/Users/28584/APP/arm-gnu-toolchain-14.3.rel1-mingw-w64-x86_64-arm-none-eabi/bin/../lib/gcc/arm-none-eabi/14.3.1/../../../../arm-none-eabi/lib/thumb/v7-m/nofp\libc_nano.a(libc_a-printf.o)
                0x08009ae4                iprintf
                0x08009ae4                printf
 .text._puts_r  0x08009b08       0xaa C:/Users/28584/APP/arm-gnu-toolchain-14.3.rel1-mingw-w64-x86_64-arm-none-eabi/bin/../lib/gcc/arm-none-eabi/14.3.1/../../../../arm-none-eabi/lib/thumb/v7-m/nofp\libc_nano.a(libc_a-puts.o)
                0x08009b08                _puts_r
 *fill*         0x08009bb2        0x2 
 .text.puts     0x08009bb4       0x10 C:/Users/28584/APP/arm-gnu-toolchain-14.3.rel1-mingw-w64-x86_64-arm-none-eabi/bin/../lib/gcc/arm-none-eabi/14.3.1/../../../../arm-none-eabi/lib/thumb/v7-m/nofp\libc_nano.a(libc_a-puts.o)
                0x08009bb4                puts
 .text.__sread  0x08009bc4       0x22 C:/Users/28584/APP/arm-gnu-toolchain-14.3.rel1-mingw-w64-x86_64-arm-none-eabi/bin/../lib/gcc/arm-none-eabi/14.3.1/../../../../arm-none-eabi/lib/thumb/v7-m/nofp\libc_nano.a(libc_a-stdio.o)
                0x08009bc4                __sread
 .text.__swrite
                0x08009be6       0x38 C:/Users/28584/APP/arm-gnu-toolchain-14.3.rel1-mingw-w64-x86_64-arm-none-eabi/bin/../lib/gcc/arm-none-eabi/14.3.1/../../../../arm-none-eabi/lib/thumb/v7-m/nofp\libc_nano.a(libc_a-stdio.o)
                0x08009be6                __swrite
 .text.__sseek  0x08009c1e       0x26 C:/Users/28584/APP/arm-gnu-toolchain-14.3.rel1-mingw-w64-x86_64-arm-none-eabi/bin/../lib/gcc/arm-none-eabi/14.3.1/../../../../arm-none-eabi/lib/thumb/v7-m/nofp\libc_nano.a(libc_a-stdio.o)
                0x08009c1e                __sseek
 .text.__sclose
                0x08009c44        0x8 C:/Users/28584/APP/arm-gnu-toolchain-14.3.rel1-mingw-w64-x86_64-arm-none-eabi/bin/../lib/gcc/arm-none-eabi/14.3.1/../../../../arm-none-eabi/lib/thumb/v7-m/nofp\libc_nano.a(libc_a-stdio.o)
                0x08009c44                __sclose
 .text._vsnprintf_r
                0x08009c4c       0x5c C:/Users/28584/APP/arm-gnu-toolchain-14.3.rel1-mingw-w64-x86_64-arm-none-eabi/bin/../lib/gcc/arm-none-eabi/14.3.1/../../../../arm-none-eabi/lib/thumb/v7-m/nofp\libc_nano.a(libc_a-vsnprintf.o)
                0x08009c4c                _vsniprintf_r
                0x08009c4c                _vsnprintf_r
 .text.vsnprintf
                0x08009ca8       0x1c C:/Users/28584/APP/arm-gnu-toolchain-14.3.rel1-mingw-w64-x86_64-arm-none-eabi/bin/../lib/gcc/arm-none-eabi/14.3.1/../../../../arm-none-eabi/lib/thumb/v7-m/nofp\libc_nano.a(libc_a-vsnprintf.o)
                0x08009ca8                vsniprintf
                0x08009ca8                vsnprintf
 .text.__swbuf_r
                0x08009cc4       0x7c C:/Users/28584/APP/arm-gnu-toolchain-14.3.rel1-mingw-w64-x86_64-arm-none-eabi/bin/../lib/gcc/arm-none-eabi/14.3.1/../../../../arm-none-eabi/lib/thumb/v7-m/nofp\libc_nano.a(libc_a-wbuf.o)
                0x08009cc4                __swbuf_r
 .text.__swsetup_r
                0x08009d40       0xa8 C:/Users/28584/APP/arm-gnu-toolchain-14.3.rel1-mingw-w64-x86_64-arm-none-eabi/bin/../lib/gcc/arm-none-eabi/14.3.1/../../../../arm-none-eabi/lib/thumb/v7-m/nofp\libc_nano.a(libc_a-wsetup.o)
                0x08009d40                __swsetup_r
 .text.memcmp   0x08009de8       0x20 C:/Users/28584/APP/arm-gnu-toolchain-14.3.rel1-mingw-w64-x86_64-arm-none-eabi/bin/../lib/gcc/arm-none-eabi/14.3.1/../../../../arm-none-eabi/lib/thumb/v7-m/nofp\libc_nano.a(libc_a-memcmp.o)
                0x08009de8                memcmp
 .text.memset   0x08009e08       0x10 C:/Users/28584/APP/arm-gnu-toolchain-14.3.rel1-mingw-w64-x86_64-arm-none-eabi/bin/../lib/gcc/arm-none-eabi/14.3.1/../../../../arm-none-eabi/lib/thumb/v7-m/nofp\libc_nano.a(libc_a-memset.o)
                0x08009e08                memset
 .text._close_r
                0x08009e18       0x20 C:/Users/28584/APP/arm-gnu-toolchain-14.3.rel1-mingw-w64-x86_64-arm-none-eabi/bin/../lib/gcc/arm-none-eabi/14.3.1/../../../../arm-none-eabi/lib/thumb/v7-m/nofp\libc_nano.a(libc_a-closer.o)
                0x08009e18                _close_r
 .text._lseek_r
                0x08009e38       0x24 C:/Users/28584/APP/arm-gnu-toolchain-14.3.rel1-mingw-w64-x86_64-arm-none-eabi/bin/../lib/gcc/arm-none-eabi/14.3.1/../../../../arm-none-eabi/lib/thumb/v7-m/nofp\libc_nano.a(libc_a-lseekr.o)
                0x08009e38                _lseek_r
 .text._read_r  0x08009e5c       0x24 C:/Users/28584/APP/arm-gnu-toolchain-14.3.rel1-mingw-w64-x86_64-arm-none-eabi/bin/../lib/gcc/arm-none-eabi/14.3.1/../../../../arm-none-eabi/lib/thumb/v7-m/nofp\libc_nano.a(libc_a-readr.o)
                0x08009e5c                _read_r
 .text._write_r
                0x08009e80       0x24 C:/Users/28584/APP/arm-gnu-toolchain-14.3.rel1-mingw-w64-x86_64-arm-none-eabi/bin/../lib/gcc/arm-none-eabi/14.3.1/../../../../arm-none-eabi/lib/thumb/v7-m/nofp\libc_nano.a(libc_a-writer.o)
                0x08009e80                _write_r
 .text.__errno  0x08009ea4        0xc C:/Users/28584/APP/arm-gnu-toolchain-14.3.rel1-mingw-w64-x86_64-arm-none-eabi/bin/../lib/gcc/arm-none-eabi/14.3.1/../../../../arm-none-eabi/lib/thumb/v7-m/nofp\libc_nano.a(libc_a-errno.o)
                0x08009ea4                __errno
 .text.__libc_init_array
                0x08009eb0       0x48 C:/Users/28584/APP/arm-gnu-toolchain-14.3.rel1-mingw-w64-x86_64-arm-none-eabi/bin/../lib/gcc/arm-none-eabi/14.3.1/../../../../arm-none-eabi/lib/thumb/v7-m/nofp\libc_nano.a(libc_a-init.o)
                0x08009eb0                __libc_init_array
 .text.__retarget_lock_init_recursive
                0x08009ef8        0x2 C:/Users/28584/APP/arm-gnu-toolchain-14.3.rel1-mingw-w64-x86_64-arm-none-eabi/bin/../lib/gcc/arm-none-eabi/14.3.1/../../../../arm-none-eabi/lib/thumb/v7-m/nofp\libc_nano.a(libc_a-lock.o)
                0x08009ef8                __retarget_lock_init_recursive
 .text.__retarget_lock_acquire_recursive
                0x08009efa        0x2 C:/Users/28584/APP/arm-gnu-toolchain-14.3.rel1-mingw-w64-x86_64-arm-none-eabi/bin/../lib/gcc/arm-none-eabi/14.3.1/../../../../arm-none-eabi/lib/thumb/v7-m/nofp\libc_nano.a(libc_a-lock.o)
                0x08009efa                __retarget_lock_acquire_recursive
 .text.__retarget_lock_release_recursive
                0x08009efc        0x2 C:/Users/28584/APP/arm-gnu-toolchain-14.3.rel1-mingw-w64-x86_64-arm-none-eabi/bin/../lib/gcc/arm-none-eabi/14.3.1/../../../../arm-none-eabi/lib/thumb/v7-m/nofp\libc_nano.a(libc_a-lock.o)
                0x08009efc                __retarget_lock_release_recursive
 .text.memcpy   0x08009efe       0x1c C:/Users/28584/APP/arm-gnu-toolchain-14.3.rel1-mingw-w64-x86_64-arm-none-eabi/bin/../lib/gcc/arm-none-eabi/14.3.1/../../../../arm-none-eabi/lib/thumb/v7-m/nofp\libc_nano.a(libc_a-memcpy-stub.o)
                0x08009efe                memcpy
 *fill*         0x08009f1a        0x2 
 .text._free_r  0x08009f1c       0x90 C:/Users/28584/APP/arm-gnu-toolchain-14.3.rel1-mingw-w64-x86_64-arm-none-eabi/bin/../lib/gcc/arm-none-eabi/14.3.1/../../../../arm-none-eabi/lib/thumb/v7-m/nofp\libc_nano.a(libc_a-freer.o)
                0x08009f1c                _free_r
 .text.sbrk_aligned
                0x08009fac       0x44 C:/Users/28584/APP/arm-gnu-toolchain-14.3.rel1-mingw-w64-x86_64-arm-none-eabi/bin/../lib/gcc/arm-none-eabi/14.3.1/../../../../arm-none-eabi/lib/thumb/v7-m/nofp\libc_nano.a(libc_a-mallocr.o)
 .text._malloc_r
                0x08009ff0      0x100 C:/Users/28584/APP/arm-gnu-toolchain-14.3.rel1-mingw-w64-x86_64-arm-none-eabi/bin/../lib/gcc/arm-none-eabi/14.3.1/../../../../arm-none-eabi/lib/thumb/v7-m/nofp\libc_nano.a(libc_a-mallocr.o)
                0x08009ff0                _malloc_r
 .text.__malloc_lock
                0x0800a0f0        0xc C:/Users/28584/APP/arm-gnu-toolchain-14.3.rel1-mingw-w64-x86_64-arm-none-eabi/bin/../lib/gcc/arm-none-eabi/14.3.1/../../../../arm-none-eabi/lib/thumb/v7-m/nofp\libc_nano.a(libc_a-mlock.o)
                0x0800a0f0                __malloc_lock
 .text.__malloc_unlock
                0x0800a0fc        0xc C:/Users/28584/APP/arm-gnu-toolchain-14.3.rel1-mingw-w64-x86_64-arm-none-eabi/bin/../lib/gcc/arm-none-eabi/14.3.1/../../../../arm-none-eabi/lib/thumb/v7-m/nofp\libc_nano.a(libc_a-mlock.o)
                0x0800a0fc                __malloc_unlock
 .text.__ssputs_r
                0x0800a108       0xc0 C:/Users/28584/APP/arm-gnu-toolchain-14.3.rel1-mingw-w64-x86_64-arm-none-eabi/bin/../lib/gcc/arm-none-eabi/14.3.1/../../../../arm-none-eabi/lib/thumb/v7-m/nofp\libc_nano.a(libc_a-nano-svfprintf.o)
                0x0800a108                __ssputs_r
 .text._svfprintf_r
                0x0800a1c8      0x1f0 C:/Users/28584/APP/arm-gnu-toolchain-14.3.rel1-mingw-w64-x86_64-arm-none-eabi/bin/../lib/gcc/arm-none-eabi/14.3.1/../../../../arm-none-eabi/lib/thumb/v7-m/nofp\libc_nano.a(libc_a-nano-svfprintf.o)
                0x0800a1c8                _svfiprintf_r
                0x0800a1c8                _svfprintf_r
 .text.__sfputc_r
                0x0800a3b8       0x2a C:/Users/28584/APP/arm-gnu-toolchain-14.3.rel1-mingw-w64-x86_64-arm-none-eabi/bin/../lib/gcc/arm-none-eabi/14.3.1/../../../../arm-none-eabi/lib/thumb/v7-m/nofp\libc_nano.a(libc_a-nano-vfprintf.o)
 .text.__sfputs_r
                0x0800a3e2       0x24 C:/Users/28584/APP/arm-gnu-toolchain-14.3.rel1-mingw-w64-x86_64-arm-none-eabi/bin/../lib/gcc/arm-none-eabi/14.3.1/../../../../arm-none-eabi/lib/thumb/v7-m/nofp\libc_nano.a(libc_a-nano-vfprintf.o)
                0x0800a3e2                __sfputs_r
 *fill*         0x0800a406        0x2 
 .text._vfprintf_r
                0x0800a408      0x228 C:/Users/28584/APP/arm-gnu-toolchain-14.3.rel1-mingw-w64-x86_64-arm-none-eabi/bin/../lib/gcc/arm-none-eabi/14.3.1/../../../../arm-none-eabi/lib/thumb/v7-m/nofp\libc_nano.a(libc_a-nano-vfprintf.o)
                0x0800a408                _vfprintf_r
                0x0800a408                _vfiprintf_r
 .text._printf_common
                0x0800a630       0xe4 C:/Users/28584/APP/arm-gnu-toolchain-14.3.rel1-mingw-w64-x86_64-arm-none-eabi/bin/../lib/gcc/arm-none-eabi/14.3.1/../../../../arm-none-eabi/lib/thumb/v7-m/nofp\libc_nano.a(libc_a-nano-vfprintf_i.o)
                0x0800a630                _printf_common
 .text._printf_i
                0x0800a714      0x24c C:/Users/28584/APP/arm-gnu-toolchain-14.3.rel1-mingw-w64-x86_64-arm-none-eabi/bin/../lib/gcc/arm-none-eabi/14.3.1/../../../../arm-none-eabi/lib/thumb/v7-m/nofp\libc_nano.a(libc_a-nano-vfprintf_i.o)
                0x0800a714                _printf_i
 .text.__sflush_r
                0x0800a960       0xfc C:/Users/28584/APP/arm-gnu-toolchain-14.3.rel1-mingw-w64-x86_64-arm-none-eabi/bin/../lib/gcc/arm-none-eabi/14.3.1/../../../../arm-none-eabi/lib/thumb/v7-m/nofp\libc_nano.a(libc_a-fflush.o)
                0x0800a960                __sflush_r
 .text._fflush_r
                0x0800aa5c       0x50 C:/Users/28584/APP/arm-gnu-toolchain-14.3.rel1-mingw-w64-x86_64-arm-none-eabi/bin/../lib/gcc/arm-none-eabi/14.3.1/../../../../arm-none-eabi/lib/thumb/v7-m/nofp\libc_nano.a(libc_a-fflush.o)
                0x0800aa5c                _fflush_r
 .text.__swhatbuf_r
                0x0800aaac       0x48 C:/Users/28584/APP/arm-gnu-toolchain-14.3.rel1-mingw-w64-x86_64-arm-none-eabi/bin/../lib/gcc/arm-none-eabi/14.3.1/../../../../arm-none-eabi/lib/thumb/v7-m/nofp\libc_nano.a(libc_a-makebuf.o)
                0x0800aaac                __swhatbuf_r
 .text.__smakebuf_r
                0x0800aaf4       0x72 C:/Users/28584/APP/arm-gnu-toolchain-14.3.rel1-mingw-w64-x86_64-arm-none-eabi/bin/../lib/gcc/arm-none-eabi/14.3.1/../../../../arm-none-eabi/lib/thumb/v7-m/nofp\libc_nano.a(libc_a-makebuf.o)
                0x0800aaf4                __smakebuf_r
 .text.memmove  0x0800ab66       0x32 C:/Users/28584/APP/arm-gnu-toolchain-14.3.rel1-mingw-w64-x86_64-arm-none-eabi/bin/../lib/gcc/arm-none-eabi/14.3.1/../../../../arm-none-eabi/lib/thumb/v7-m/nofp\libc_nano.a(libc_a-memmove.o)
                0x0800ab66                memmove
 .text._fstat_r
                0x0800ab98       0x24 C:/Users/28584/APP/arm-gnu-toolchain-14.3.rel1-mingw-w64-x86_64-arm-none-eabi/bin/../lib/gcc/arm-none-eabi/14.3.1/../../../../arm-none-eabi/lib/thumb/v7-m/nofp\libc_nano.a(libc_a-fstatr.o)
                0x0800ab98                _fstat_r
 .text._isatty_r
                0x0800abbc       0x20 C:/Users/28584/APP/arm-gnu-toolchain-14.3.rel1-mingw-w64-x86_64-arm-none-eabi/bin/../lib/gcc/arm-none-eabi/14.3.1/../../../../arm-none-eabi/lib/thumb/v7-m/nofp\libc_nano.a(libc_a-isattyr.o)
                0x0800abbc                _isatty_r
 .text._sbrk_r  0x0800abdc       0x20 C:/Users/28584/APP/arm-gnu-toolchain-14.3.rel1-mingw-w64-x86_64-arm-none-eabi/bin/../lib/gcc/arm-none-eabi/14.3.1/../../../../arm-none-eabi/lib/thumb/v7-m/nofp\libc_nano.a(libc_a-sbrkr.o)
                0x0800abdc                _sbrk_r
 .text.memchr   0x0800abfc       0x1c C:/Users/28584/APP/arm-gnu-toolchain-14.3.rel1-mingw-w64-x86_64-arm-none-eabi/bin/../lib/gcc/arm-none-eabi/14.3.1/../../../../arm-none-eabi/lib/thumb/v7-m/nofp\libc_nano.a(libc_a-memchr-stub.o)
                0x0800abfc                memchr
 .text._realloc_r
                0x0800ac18       0x5c C:/Users/28584/APP/arm-gnu-toolchain-14.3.rel1-mingw-w64-x86_64-arm-none-eabi/bin/../lib/gcc/arm-none-eabi/14.3.1/../../../../arm-none-eabi/lib/thumb/v7-m/nofp\libc_nano.a(libc_a-reallocr.o)
                0x0800ac18                _realloc_r
 .text._malloc_usable_size_r
                0x0800ac74       0x10 C:/Users/28584/APP/arm-gnu-toolchain-14.3.rel1-mingw-w64-x86_64-arm-none-eabi/bin/../lib/gcc/arm-none-eabi/14.3.1/../../../../arm-none-eabi/lib/thumb/v7-m/nofp\libc_nano.a(libc_a-msizer.o)
                0x0800ac74                _malloc_usable_size_r
 *(.glue_7)
 .glue_7        0x0800ac84        0x0 linker stubs
 *(.glue_7t)
 .glue_7t       0x0800ac84        0x0 linker stubs
 *(.eh_frame)
 .eh_frame      0x0800ac84        0x0 C:/Users/28584/APP/arm-gnu-toolchain-14.3.rel1-mingw-w64-x86_64-arm-none-eabi/bin/../lib/gcc/arm-none-eabi/14.3.1/thumb/v7-m/nofp/crtbegin.o
 *(.init)
 .init          0x0800ac84        0x4 C:/Users/28584/APP/arm-gnu-toolchain-14.3.rel1-mingw-w64-x86_64-arm-none-eabi/bin/../lib/gcc/arm-none-eabi/14.3.1/thumb/v7-m/nofp/crti.o
                0x0800ac84                _init
 .init          0x0800ac88        0x8 C:/Users/28584/APP/arm-gnu-toolchain-14.3.rel1-mingw-w64-x86_64-arm-none-eabi/bin/../lib/gcc/arm-none-eabi/14.3.1/thumb/v7-m/nofp/crtn.o
 *(.fini)
 .fini          0x0800ac90        0x4 C:/Users/28584/APP/arm-gnu-toolchain-14.3.rel1-mingw-w64-x86_64-arm-none-eabi/bin/../lib/gcc/arm-none-eabi/14.3.1/thumb/v7-m/nofp/crti.o
                0x0800ac90                _fini
 .fini          0x0800ac94        0x8 C:/Users/28584/APP/arm-gnu-toolchain-14.3.rel1-mingw-w64-x86_64-arm-none-eabi/bin/../lib/gcc/arm-none-eabi/14.3.1/thumb/v7-m/nofp/crtn.o
                0x0800ac9c                        . = ALIGN (0x4)
                0x0800ac9c                        _etext = .

.vfp11_veneer   0x0800ac9c        0x0
 .vfp11_veneer  0x0800ac9c        0x0 linker stubs

.v4_bx          0x0800ac9c        0x0
 .v4_bx         0x0800ac9c        0x0 linker stubs

.iplt           0x0800ac9c        0x0
 .iplt          0x0800ac9c        0x0 C:/Users/28584/APP/arm-gnu-toolchain-14.3.rel1-mingw-w64-x86_64-arm-none-eabi/bin/../lib/gcc/arm-none-eabi/14.3.1/thumb/v7-m/nofp/crtbegin.o

.rodata         0x0800ac9c      0x928
                0x0800ac9c                        . = ALIGN (0x4)
 *(.rodata)
 .rodata        0x0800ac9c        0x5 cmake/stm32cubemx/CMakeFiles/FreeRTOS.dir/__/__/Middlewares/Third_Party/FreeRTOS/Source/tasks.c.obj
 *fill*         0x0800aca1        0x3 
 .rodata        0x0800aca4        0xd cmake/stm32cubemx/CMakeFiles/FreeRTOS.dir/__/__/Middlewares/Third_Party/FreeRTOS/Source/timers.c.obj
 *fill*         0x0800acb1        0x3 
 .rodata        0x0800acb4        0x9 EmLib/SEGGER_RTT/CMakeFiles/SEGGER_RTT.dir/SEGGER_RTT.c.obj
 *fill*         0x0800acbd        0x3 
 .rodata        0x0800acc0       0x35 CMakeFiles/PN532_test.dir/Core/Src/main.c.obj
 *fill*         0x0800acf5        0x3 
 .rodata        0x0800acf8      0x286 CMakeFiles/PN532_test.dir/Core/Src/task.cpp.obj
 *fill*         0x0800af7e        0x2 
 .rodata        0x0800af80       0x2b CMakeFiles/PN532_test.dir/Core/Src/hid_keyboard_template.c.obj
 *fill*         0x0800afab        0x1 
 .rodata        0x0800afac      0x1fa CMakeFiles/PN532_test.dir/CherryUSB/core/usbd_core.c.obj
 *fill*         0x0800b1a6        0x2 
 .rodata        0x0800b1a8       0x3d CMakeFiles/PN532_test.dir/CherryUSB/class/hid/usbd_hid.c.obj
 *fill*         0x0800b1e5        0x3 
 .rodata        0x0800b1e8      0x1f1 CMakeFiles/PN532_test.dir/CherryUSB/port/fsdev/usb_dc_fsdev.c.obj
 *(.rodata*)
 *fill*         0x0800b3d9        0x3 
 .rodata.AHBPrescTable
                0x0800b3dc       0x10 cmake/stm32cubemx/CMakeFiles/STM32_Drivers.dir/__/__/Core/Src/system_stm32f1xx.c.obj
                0x0800b3dc                AHBPrescTable
 .rodata.APBPrescTable
                0x0800b3ec        0x8 cmake/stm32cubemx/CMakeFiles/STM32_Drivers.dir/__/__/Core/Src/system_stm32f1xx.c.obj
                0x0800b3ec                APBPrescTable
 .rodata.aPLLMULFactorTable.1
                0x0800b3f4       0x10 cmake/stm32cubemx/CMakeFiles/STM32_Drivers.dir/__/__/Drivers/STM32F1xx_HAL_Driver/Src/stm32f1xx_hal_rcc.c.obj
 .rodata.aPredivFactorTable.0
                0x0800b404        0x2 cmake/stm32cubemx/CMakeFiles/STM32_Drivers.dir/__/__/Drivers/STM32F1xx_HAL_Driver/Src/stm32f1xx_hal_rcc.c.obj
 *fill*         0x0800b406        0x2 
 .rodata._aInitStr.0
                0x0800b408       0x11 EmLib/SEGGER_RTT/CMakeFiles/SEGGER_RTT.dir/SEGGER_RTT.c.obj
 *fill*         0x0800b419        0x3 
 .rodata.defaultTask_attributes
                0x0800b41c       0x24 CMakeFiles/PN532_test.dir/Core/Src/main.c.obj
                0x0800b41c                defaultTask_attributes
 .rodata.PN532Task_attributes
                0x0800b440       0x24 CMakeFiles/PN532_test.dir/Core/Src/main.c.obj
                0x0800b440                PN532Task_attributes
 .rodata.PN532_test_Task_attributes
                0x0800b464       0x24 CMakeFiles/PN532_test.dir/Core/Src/main.c.obj
                0x0800b464                PN532_test_Task_attributes
 .rodata.KeyBoardTask_attributes
                0x0800b488       0x24 CMakeFiles/PN532_test.dir/Core/Src/main.c.obj
                0x0800b488                KeyBoardTask_attributes
 .rodata._ZN6PN532_I14PN532_HAL_UARTIN3HAL5stm327UART_LLILm1073821696EEEE10RingBufferIXadL_Z2rbEEXadL_Z4dataEELm128EEE9postambleE
                0x0800b4ac        0x1 CMakeFiles/PN532_test.dir/Core/Src/task.cpp.obj
                0x0800b4ac                PN532_<PN532_HAL_UART<HAL::stm32::UART_LL<1073821696ul> >, RingBuffer<&rb, &data, 128ul> >::postamble
 *fill*         0x0800b4ad        0x3 
 .rodata._ZN6PN532_I14PN532_HAL_UARTIN3HAL5stm327UART_LLILm1073821696EEEE10RingBufferIXadL_Z2rbEEXadL_Z4dataEELm128EEE12wakeup_frameE
                0x0800b4b0       0x18 CMakeFiles/PN532_test.dir/Core/Src/task.cpp.obj
                0x0800b4b0                PN532_<PN532_HAL_UART<HAL::stm32::UART_LL<1073821696ul> >, RingBuffer<&rb, &data, 128ul> >::wakeup_frame
 .rodata._ZL14target_card_id
                0x0800b4c8        0x4 CMakeFiles/PN532_test.dir/Core/Src/task.cpp.obj
 .rodata._ZN4LOG_IXadL_Z5writePKcjEEL8LogLevel0EXadL_Z10log_bufferEELj128EE5color8TEXT_REDE
                0x0800b4cc        0x8 CMakeFiles/PN532_test.dir/Core/Src/task.cpp.obj
                0x0800b4cc                LOG_<&(write(char const*, unsigned int)), (LogLevel)0, &log_buffer, 128u>::color::TEXT_RED
 .rodata._ZN4LOG_IXadL_Z5writePKcjEEL8LogLevel0EXadL_Z10log_bufferEELj128EE5color10TEXT_GREENE
                0x0800b4d4        0x8 CMakeFiles/PN532_test.dir/Core/Src/task.cpp.obj
                0x0800b4d4                LOG_<&(write(char const*, unsigned int)), (LogLevel)0, &log_buffer, 128u>::color::TEXT_GREEN
 .rodata._ZN4LOG_IXadL_Z5writePKcjEEL8LogLevel0EXadL_Z10log_bufferEELj128EE5color9TEXT_BLUEE
                0x0800b4dc        0x8 CMakeFiles/PN532_test.dir/Core/Src/task.cpp.obj
                0x0800b4dc                LOG_<&(write(char const*, unsigned int)), (LogLevel)0, &log_buffer, 128u>::color::TEXT_BLUE
 .rodata.device_descriptor
                0x0800b4e4       0x12 CMakeFiles/PN532_test.dir/Core/Src/hid_keyboard_template.c.obj
 *fill*         0x0800b4f6        0x2 
 .rodata.config_descriptor
                0x0800b4f8       0x22 CMakeFiles/PN532_test.dir/Core/Src/hid_keyboard_template.c.obj
 *fill*         0x0800b51a        0x2 
 .rodata.device_quality_descriptor
                0x0800b51c        0xa CMakeFiles/PN532_test.dir/Core/Src/hid_keyboard_template.c.obj
 *fill*         0x0800b526        0x2 
 .rodata.__compound_literal.0
                0x0800b528        0x2 CMakeFiles/PN532_test.dir/Core/Src/hid_keyboard_template.c.obj
 *fill*         0x0800b52a        0x2 
 .rodata.hid_descriptor
                0x0800b52c       0x24 CMakeFiles/PN532_test.dir/Core/Src/hid_keyboard_template.c.obj
                0x0800b52c                hid_descriptor
 .rodata.hid_keyboard_report_desc
                0x0800b550       0x3f CMakeFiles/PN532_test.dir/Core/Src/hid_keyboard_template.c.obj
 .rodata._svfprintf_r.str1.1
                0x0800b58f       0x33 C:/Users/28584/APP/arm-gnu-toolchain-14.3.rel1-mingw-w64-x86_64-arm-none-eabi/bin/../lib/gcc/arm-none-eabi/14.3.1/../../../../arm-none-eabi/lib/thumb/v7-m/nofp\libc_nano.a(libc_a-nano-svfprintf.o)
                                 0x11 (size before relaxing)
 .rodata._vfprintf_r.str1.1
                0x0800b5c2       0x11 C:/Users/28584/APP/arm-gnu-toolchain-14.3.rel1-mingw-w64-x86_64-arm-none-eabi/bin/../lib/gcc/arm-none-eabi/14.3.1/../../../../arm-none-eabi/lib/thumb/v7-m/nofp\libc_nano.a(libc_a-nano-vfprintf.o)
 .rodata._printf_i.str1.1
                0x0800b5c2       0x22 C:/Users/28584/APP/arm-gnu-toolchain-14.3.rel1-mingw-w64-x86_64-arm-none-eabi/bin/../lib/gcc/arm-none-eabi/14.3.1/../../../../arm-none-eabi/lib/thumb/v7-m/nofp\libc_nano.a(libc_a-nano-vfprintf_i.o)
                0x0800b5e4                        . = ALIGN (0x4)
 *fill*         0x0800b5c2        0x2 

.ARM.extab      0x0800b5c4        0x0
                0x0800b5c4                        . = ALIGN (0x4)
 *(.ARM.extab* .gnu.linkonce.armextab.*)
                0x0800b5c4                        . = ALIGN (0x4)

.ARM            0x0800b5c4        0x8
                0x0800b5c4                        . = ALIGN (0x4)
                0x0800b5c4                        __exidx_start = .
 *(.ARM.exidx*)
 .ARM.exidx     0x0800b5c4        0x8 C:/Users/28584/APP/arm-gnu-toolchain-14.3.rel1-mingw-w64-x86_64-arm-none-eabi/bin/../lib/gcc/arm-none-eabi/14.3.1/../../../../arm-none-eabi/lib/thumb/v7-m/nofp\libc_nano.a(libc_a-strlen.o)
                0x0800b5cc                        __exidx_end = .
                0x0800b5cc                        . = ALIGN (0x4)

.preinit_array  0x0800b5cc        0x0
                0x0800b5cc                        . = ALIGN (0x4)
                0x0800b5cc                        PROVIDE (__preinit_array_start = .)
 *(.preinit_array*)
                0x0800b5cc                        PROVIDE (__preinit_array_end = .)
                0x0800b5cc                        . = ALIGN (0x4)

.init_array     0x0800b5cc        0x4
                0x0800b5cc                        . = ALIGN (0x4)
                0x0800b5cc                        PROVIDE (__init_array_start = .)
 *(SORT_BY_NAME(.init_array.*))
 *(.init_array*)
 .init_array    0x0800b5cc        0x4 C:/Users/28584/APP/arm-gnu-toolchain-14.3.rel1-mingw-w64-x86_64-arm-none-eabi/bin/../lib/gcc/arm-none-eabi/14.3.1/thumb/v7-m/nofp/crtbegin.o
                0x0800b5d0                        PROVIDE (__init_array_end = .)
                0x0800b5d0                        . = ALIGN (0x4)

.fini_array     0x0800b5d0        0x4
                0x0800b5d0                        . = ALIGN (0x4)
                [!provide]                        PROVIDE (__fini_array_start = .)
 *(SORT_BY_NAME(.fini_array.*))
 *(.fini_array*)
 .fini_array    0x0800b5d0        0x4 C:/Users/28584/APP/arm-gnu-toolchain-14.3.rel1-mingw-w64-x86_64-arm-none-eabi/bin/../lib/gcc/arm-none-eabi/14.3.1/thumb/v7-m/nofp/crtbegin.o
                [!provide]                        PROVIDE (__fini_array_end = .)
                0x0800b5d4                        . = ALIGN (0x4)
                0x0800b5d4                        _sidata = LOADADDR (.data)

.rel.dyn        0x0800b5d4        0x0
 .rel.iplt      0x0800b5d4        0x0 C:/Users/28584/APP/arm-gnu-toolchain-14.3.rel1-mingw-w64-x86_64-arm-none-eabi/bin/../lib/gcc/arm-none-eabi/14.3.1/thumb/v7-m/nofp/crtbegin.o

.data           0x20000000       0x84 load address 0x0800b5d4
                0x20000000                        . = ALIGN (0x4)
                0x20000000                        _sdata = .
 *(.data)
 *(.data*)
 .data.SystemCoreClock
                0x20000000        0x4 cmake/stm32cubemx/CMakeFiles/STM32_Drivers.dir/__/__/Core/Src/system_stm32f1xx.c.obj
                0x20000000                SystemCoreClock
 .data.uwTickPrio
                0x20000004        0x4 cmake/stm32cubemx/CMakeFiles/STM32_Drivers.dir/__/__/Drivers/STM32F1xx_HAL_Driver/Src/stm32f1xx_hal.c.obj
                0x20000004                uwTickPrio
 .data.uwTickFreq
                0x20000008        0x1 cmake/stm32cubemx/CMakeFiles/STM32_Drivers.dir/__/__/Drivers/STM32F1xx_HAL_Driver/Src/stm32f1xx_hal.c.obj
                0x20000008                uwTickFreq
 *fill*         0x20000009        0x3 
 .data.uxCriticalNesting
                0x2000000c        0x4 cmake/stm32cubemx/CMakeFiles/FreeRTOS.dir/__/__/Middlewares/Third_Party/FreeRTOS/Source/portable/GCC/ARM_CM3/port.c.obj
 .data.string_descriptors
                0x20000010       0x10 CMakeFiles/PN532_test.dir/Core/Src/hid_keyboard_template.c.obj
 .data.hid_in_ep
                0x20000020        0x8 CMakeFiles/PN532_test.dir/Core/Src/hid_keyboard_template.c.obj
 .data.__sglue  0x20000028        0xc C:/Users/28584/APP/arm-gnu-toolchain-14.3.rel1-mingw-w64-x86_64-arm-none-eabi/bin/../lib/gcc/arm-none-eabi/14.3.1/../../../../arm-none-eabi/lib/thumb/v7-m/nofp\libc_nano.a(libc_a-findfp.o)
                0x20000028                __sglue
 .data._impure_ptr
                0x20000034        0x4 C:/Users/28584/APP/arm-gnu-toolchain-14.3.rel1-mingw-w64-x86_64-arm-none-eabi/bin/../lib/gcc/arm-none-eabi/14.3.1/../../../../arm-none-eabi/lib/thumb/v7-m/nofp\libc_nano.a(libc_a-impure.o)
                0x20000034                _impure_ptr
 .data._impure_data
                0x20000038       0x4c C:/Users/28584/APP/arm-gnu-toolchain-14.3.rel1-mingw-w64-x86_64-arm-none-eabi/bin/../lib/gcc/arm-none-eabi/14.3.1/../../../../arm-none-eabi/lib/thumb/v7-m/nofp\libc_nano.a(libc_a-impure.o)
                0x20000038                _impure_data
 *(.RamFunc)
 *(.RamFunc*)
                0x20000084                        . = ALIGN (0x4)
                0x20000084                        _edata = .

.tm_clone_table
                0x20000084        0x0 load address 0x0800b658
 .tm_clone_table
                0x20000084        0x0 C:/Users/28584/APP/arm-gnu-toolchain-14.3.rel1-mingw-w64-x86_64-arm-none-eabi/bin/../lib/gcc/arm-none-eabi/14.3.1/thumb/v7-m/nofp/crtbegin.o
 .tm_clone_table
                0x20000084        0x0 C:/Users/28584/APP/arm-gnu-toolchain-14.3.rel1-mingw-w64-x86_64-arm-none-eabi/bin/../lib/gcc/arm-none-eabi/14.3.1/thumb/v7-m/nofp/crtend.o

.igot.plt       0x20000084        0x0 load address 0x0800b658
 .igot.plt      0x20000084        0x0 C:/Users/28584/APP/arm-gnu-toolchain-14.3.rel1-mingw-w64-x86_64-arm-none-eabi/bin/../lib/gcc/arm-none-eabi/14.3.1/thumb/v7-m/nofp/crtbegin.o

.noncacheable   0x20000084      0x37c load address 0x0800b658
 .noncacheable  0x20000084       0x40 CMakeFiles/PN532_test.dir/Core/Src/hid_keyboard_template.c.obj
                0x20000084                write_buffer
 .noncacheable  0x200000c4      0x33c CMakeFiles/PN532_test.dir/CherryUSB/core/usbd_core.c.obj
                0x200000c4                g_usbd_core
                0x20000400                        . = ALIGN (0x4)
